Component: ARM Compiler 5.06 update 6 (build 750) Tool: armlink [4d35ed]

==============================================================================

Section Cross References

    main.o(i.main) refers to motors.o(i._ZN6MotorsC1Ev) for Motors::Motors()
    main.o(i.main) refers to motors.o(i._ZN6Motors8initPinsEv) for Motors::initPins()
    main.o(i.main) refers to motors.o(i._ZN6Motors8setPowerEiiii) for Motors::setPower(int, int, int, int)
    main.o(i.main) refers to motors.o(i._ZN6MotorsD1Ev) for Motors::~Motors()
    main.o(.ARM.exidx) refers to main.o(i.main) for i.main
    misc.o(i.NVIC_Init) refers to retarget.o(i.assert_failed) for assert_failed
    misc.o(i.NVIC_PriorityGroupConfig) refers to retarget.o(i.assert_failed) for assert_failed
    misc.o(i.NVIC_SetVectorTable) refers to retarget.o(i.assert_failed) for assert_failed
    misc.o(i.NVIC_SystemLPConfig) refers to retarget.o(i.assert_failed) for assert_failed
    misc.o(i.SysTick_CLKSourceConfig) refers to retarget.o(i.assert_failed) for assert_failed
    stm32f4xx_adc.o(i.ADC_AnalogWatchdogCmd) refers to retarget.o(i.assert_failed) for assert_failed
    stm32f4xx_adc.o(i.ADC_AnalogWatchdogSingleChannelConfig) refers to retarget.o(i.assert_failed) for assert_failed
    stm32f4xx_adc.o(i.ADC_AnalogWatchdogThresholdsConfig) refers to retarget.o(i.assert_failed) for assert_failed
    stm32f4xx_adc.o(i.ADC_AutoInjectedConvCmd) refers to retarget.o(i.assert_failed) for assert_failed
    stm32f4xx_adc.o(i.ADC_ClearFlag) refers to retarget.o(i.assert_failed) for assert_failed
    stm32f4xx_adc.o(i.ADC_ClearITPendingBit) refers to retarget.o(i.assert_failed) for assert_failed
    stm32f4xx_adc.o(i.ADC_Cmd) refers to retarget.o(i.assert_failed) for assert_failed
    stm32f4xx_adc.o(i.ADC_CommonInit) refers to retarget.o(i.assert_failed) for assert_failed
    stm32f4xx_adc.o(i.ADC_ContinuousModeCmd) refers to retarget.o(i.assert_failed) for assert_failed
    stm32f4xx_adc.o(i.ADC_DMACmd) refers to retarget.o(i.assert_failed) for assert_failed
    stm32f4xx_adc.o(i.ADC_DMARequestAfterLastTransferCmd) refers to retarget.o(i.assert_failed) for assert_failed
    stm32f4xx_adc.o(i.ADC_DeInit) refers to stm32f4xx_rcc.o(i.RCC_APB2PeriphResetCmd) for RCC_APB2PeriphResetCmd
    stm32f4xx_adc.o(i.ADC_DiscModeChannelCountConfig) refers to retarget.o(i.assert_failed) for assert_failed
    stm32f4xx_adc.o(i.ADC_DiscModeCmd) refers to retarget.o(i.assert_failed) for assert_failed
    stm32f4xx_adc.o(i.ADC_EOCOnEachRegularChannelCmd) refers to retarget.o(i.assert_failed) for assert_failed
    stm32f4xx_adc.o(i.ADC_ExternalTrigInjectedConvConfig) refers to retarget.o(i.assert_failed) for assert_failed
    stm32f4xx_adc.o(i.ADC_ExternalTrigInjectedConvEdgeConfig) refers to retarget.o(i.assert_failed) for assert_failed
    stm32f4xx_adc.o(i.ADC_GetConversionValue) refers to retarget.o(i.assert_failed) for assert_failed
    stm32f4xx_adc.o(i.ADC_GetFlagStatus) refers to retarget.o(i.assert_failed) for assert_failed
    stm32f4xx_adc.o(i.ADC_GetITStatus) refers to retarget.o(i.assert_failed) for assert_failed
    stm32f4xx_adc.o(i.ADC_GetInjectedConversionValue) refers to retarget.o(i.assert_failed) for assert_failed
    stm32f4xx_adc.o(i.ADC_GetSoftwareStartConvStatus) refers to retarget.o(i.assert_failed) for assert_failed
    stm32f4xx_adc.o(i.ADC_GetSoftwareStartInjectedConvCmdStatus) refers to retarget.o(i.assert_failed) for assert_failed
    stm32f4xx_adc.o(i.ADC_ITConfig) refers to retarget.o(i.assert_failed) for assert_failed
    stm32f4xx_adc.o(i.ADC_Init) refers to retarget.o(i.assert_failed) for assert_failed
    stm32f4xx_adc.o(i.ADC_InjectedChannelConfig) refers to retarget.o(i.assert_failed) for assert_failed
    stm32f4xx_adc.o(i.ADC_InjectedDiscModeCmd) refers to retarget.o(i.assert_failed) for assert_failed
    stm32f4xx_adc.o(i.ADC_InjectedSequencerLengthConfig) refers to retarget.o(i.assert_failed) for assert_failed
    stm32f4xx_adc.o(i.ADC_MultiModeDMARequestAfterLastTransferCmd) refers to retarget.o(i.assert_failed) for assert_failed
    stm32f4xx_adc.o(i.ADC_RegularChannelConfig) refers to retarget.o(i.assert_failed) for assert_failed
    stm32f4xx_adc.o(i.ADC_SetInjectedOffset) refers to retarget.o(i.assert_failed) for assert_failed
    stm32f4xx_adc.o(i.ADC_SoftwareStartConv) refers to retarget.o(i.assert_failed) for assert_failed
    stm32f4xx_adc.o(i.ADC_SoftwareStartInjectedConv) refers to retarget.o(i.assert_failed) for assert_failed
    stm32f4xx_adc.o(i.ADC_TempSensorVrefintCmd) refers to retarget.o(i.assert_failed) for assert_failed
    stm32f4xx_adc.o(i.ADC_VBATCmd) refers to retarget.o(i.assert_failed) for assert_failed
    stm32f4xx_can.o(i.CAN_CancelTransmit) refers to retarget.o(i.assert_failed) for assert_failed
    stm32f4xx_can.o(i.CAN_ClearFlag) refers to retarget.o(i.assert_failed) for assert_failed
    stm32f4xx_can.o(i.CAN_ClearITPendingBit) refers to retarget.o(i.assert_failed) for assert_failed
[...]
    Removing stm32f4xx_i2c.o(i.I2C_DualAddressCmd), (120 bytes).
    Removing stm32f4xx_i2c.o(i.I2C_FastModeDutyCycleConfig), (132 bytes).
    Removing stm32f4xx_i2c.o(i.I2C_GeneralCallCmd), (120 bytes).
    Removing stm32f4xx_i2c.o(i.I2C_GenerateSTART), (120 bytes).
    Removing stm32f4xx_i2c.o(i.I2C_GenerateSTOP), (120 bytes).
    Removing stm32f4xx_i2c.o(i.I2C_GetFlagStatus), (304 bytes).
    Removing stm32f4xx_i2c.o(i.I2C_GetITStatus), (248 bytes).
    Removing stm32f4xx_i2c.o(i.I2C_GetLastEvent), (104 bytes).
    Removing stm32f4xx_i2c.o(i.I2C_GetPEC), (80 bytes).
    Removing stm32f4xx_i2c.o(i.I2C_ITConfig), (136 bytes).
    Removing stm32f4xx_i2c.o(i.I2C_Init), (444 bytes).
    Removing stm32f4xx_i2c.o(i.I2C_NACKPositionConfig), (132 bytes).
    Removing stm32f4xx_i2c.o(i.I2C_OwnAddress2Config), (96 bytes).
    Removing stm32f4xx_i2c.o(i.I2C_PECPositionConfig), (132 bytes).
    Removing stm32f4xx_i2c.o(i.I2C_ReadRegister), (140 bytes).
    Removing stm32f4xx_i2c.o(i.I2C_ReceiveData), (80 bytes).
    Removing stm32f4xx_i2c.o(i.I2C_SMBusAlertConfig), (132 bytes).
    Removing stm32f4xx_i2c.o(i.I2C_Send7bitAddress), (112 bytes).
    Removing stm32f4xx_i2c.o(i.I2C_SendData), (80 bytes).
    Removing stm32f4xx_i2c.o(i.I2C_SoftwareResetCmd), (116 bytes).
    Removing stm32f4xx_i2c.o(i.I2C_StretchClockCmd), (120 bytes).
    Removing stm32f4xx_i2c.o(i.I2C_StructInit), (30 bytes).
    Removing stm32f4xx_i2c.o(i.I2C_TransmitPEC), (120 bytes).
    Removing stm32f4xx_rcc.o(.rev16_text), (4 bytes).
    Removing stm32f4xx_rcc.o(.revsh_text), (4 bytes).
    Removing stm32f4xx_rcc.o(.rrx_text), (6 bytes).
    Removing stm32f4xx_rcc.o(i.RCC_AHB1PeriphClockLPModeCmd), (108 bytes).
    Removing stm32f4xx_rcc.o(i.RCC_AHB1PeriphResetCmd), (108 bytes).
    Removing stm32f4xx_rcc.o(i.RCC_AHB2PeriphClockCmd), (104 bytes).
    Removing stm32f4xx_rcc.o(i.RCC_AHB2PeriphClockLPModeCmd), (104 bytes).
    Removing stm32f4xx_rcc.o(i.RCC_AHB2PeriphResetCmd), (104 bytes).
    Removing stm32f4xx_rcc.o(i.RCC_AHB3PeriphClockCmd), (104 bytes).
    Removing stm32f4xx_rcc.o(i.RCC_AHB3PeriphClockLPModeCmd), (104 bytes).
    Removing stm32f4xx_rcc.o(i.RCC_AHB3PeriphResetCmd), (104 bytes).
    Removing stm32f4xx_rcc.o(i.RCC_APB1PeriphClockLPModeCmd), (104 bytes).
    Removing stm32f4xx_rcc.o(i.RCC_APB1PeriphResetCmd), (104 bytes).
    Removing stm32f4xx_rcc.o(i.RCC_APB2PeriphClockCmd), (108 bytes).
    Removing stm32f4xx_rcc.o(i.RCC_APB2PeriphClockLPModeCmd), (108 bytes).
    Removing stm32f4xx_rcc.o(i.RCC_APB2PeriphResetCmd), (108 bytes).
    Removing stm32f4xx_rcc.o(i.RCC_AdjustHSICalibrationValue), (72 bytes).
    Removing stm32f4xx_rcc.o(i.RCC_BackupResetCmd), (60 bytes).
    Removing stm32f4xx_rcc.o(i.RCC_ClearFlag), (20 bytes).
    Removing stm32f4xx_rcc.o(i.RCC_ClearITPendingBit), (56 bytes).
    Removing stm32f4xx_rcc.o(i.RCC_ClockSecuritySystemCmd), (60 bytes).
    Removing stm32f4xx_rcc.o(i.RCC_DeInit), (100 bytes).
    Removing stm32f4xx_rcc.o(i.RCC_GetClocksFreq), (232 bytes).
    Removing stm32f4xx_rcc.o(i.RCC_GetFlagStatus), (168 bytes).
    Removing stm32f4xx_rcc.o(i.RCC_GetITStatus), (100 bytes).
    Removing stm32f4xx_rcc.o(i.RCC_GetSYSCLKSource), (16 bytes).
    Removing stm32f4xx_rcc.o(i.RCC_HCLKConfig), (100 bytes).
    Removing stm32f4xx_rcc.o(i.RCC_HSEConfig), (72 bytes).
    Removing stm32f4xx_rcc.o(i.RCC_HSICmd), (60 bytes).
    Removing stm32f4xx_rcc.o(i.RCC_I2SCLKConfig), (60 bytes).
    Removing stm32f4xx_rcc.o(i.RCC_ITConfig), (104 bytes).
    Removing stm32f4xx_rcc.o(i.RCC_LSEConfig), (100 bytes).
    Removing stm32f4xx_rcc.o(i.RCC_LSEModeConfig), (88 bytes).
    Removing stm32f4xx_rcc.o(i.RCC_LSICmd), (60 bytes).
    Removing stm32f4xx_rcc.o(i.RCC_LTDCCLKDivConfig), (84 bytes).
    Removing stm32f4xx_rcc.o(i.RCC_MCO1Config), (132 bytes).
    Removing stm32f4xx_rcc.o(i.RCC_MCO2Config), (132 bytes).
    Removing stm32f4xx_rcc.o(i.RCC_PCLK1Config), (92 bytes).
    Removing stm32f4xx_rcc.o(i.RCC_PCLK2Config), (92 bytes).
    Removing stm32f4xx_rcc.o(i.RCC_PLLCmd), (60 bytes).
    Removing stm32f4xx_rcc.o(i.RCC_PLLConfig), (188 bytes).
    Removing stm32f4xx_rcc.o(i.RCC_PLLI2SCmd), (60 bytes).
    Removing stm32f4xx_rcc.o(i.RCC_PLLI2SConfig), (92 bytes).
    Removing stm32f4xx_rcc.o(i.RCC_PLLSAICmd), (60 bytes).
    Removing stm32f4xx_rcc.o(i.RCC_PLLSAIConfig), (120 bytes).
    Removing stm32f4xx_rcc.o(i.RCC_RTCCLKCmd), (60 bytes).
    Removing stm32f4xx_rcc.o(i.RCC_RTCCLKConfig), (416 bytes).
    Removing stm32f4xx_rcc.o(i.RCC_SAIBlockACLKConfig), (80 bytes).
    Removing stm32f4xx_rcc.o(i.RCC_SAIBlockBCLKConfig), (80 bytes).
    Removing stm32f4xx_rcc.o(i.RCC_SAIPLLI2SClkDivConfig), (76 bytes).
    Removing stm32f4xx_rcc.o(i.RCC_SAIPLLSAIClkDivConfig), (80 bytes).
    Removing stm32f4xx_rcc.o(i.RCC_SYSCLKConfig), (76 bytes).
    Removing stm32f4xx_rcc.o(i.RCC_TIMCLKPresConfig), (60 bytes).
    Removing stm32f4xx_rcc.o(i.RCC_WaitForHSEStartUp), (56 bytes).
    Removing stm32f4xx_rcc.o(.data), (16 bytes).
    Removing stm32f4xx_spi.o(.rev16_text), (4 bytes).
    Removing stm32f4xx_spi.o(.revsh_text), (4 bytes).
    Removing stm32f4xx_spi.o(.rrx_text), (6 bytes).
    Removing stm32f4xx_spi.o(i.I2S_Cmd), (124 bytes).
    Removing stm32f4xx_spi.o(i.I2S_FullDuplexConfig), (280 bytes).
    Removing stm32f4xx_spi.o(i.I2S_Init), (596 bytes).
    Removing stm32f4xx_spi.o(i.I2S_StructInit), (20 bytes).
    Removing stm32f4xx_spi.o(i.SPI_BiDirectionalLineConfig), (160 bytes).
    Removing stm32f4xx_spi.o(i.SPI_CalculateCRC), (148 bytes).
    Removing stm32f4xx_spi.o(i.SPI_Cmd), (148 bytes).
    Removing stm32f4xx_spi.o(i.SPI_DataSizeConfig), (144 bytes).
    Removing stm32f4xx_spi.o(i.SPI_GetCRC), (140 bytes).
    Removing stm32f4xx_spi.o(i.SPI_GetCRCPolynomial), (108 bytes).
    Removing stm32f4xx_spi.o(i.SPI_I2S_ClearFlag), (144 bytes).
    Removing stm32f4xx_spi.o(i.SPI_I2S_ClearITPendingBit), (156 bytes).
    Removing stm32f4xx_spi.o(i.SPI_I2S_DMACmd), (184 bytes).
    Removing stm32f4xx_spi.o(i.SPI_I2S_DeInit), (252 bytes).
    Removing stm32f4xx_spi.o(i.SPI_I2S_GetFlagStatus), (192 bytes).
    Removing stm32f4xx_spi.o(i.SPI_I2S_GetITStatus), (224 bytes).
    Removing stm32f4xx_spi.o(i.SPI_I2S_ITConfig), (208 bytes).
    Removing stm32f4xx_spi.o(i.SPI_I2S_ReceiveData), (124 bytes).
    Removing stm32f4xx_spi.o(i.SPI_I2S_SendData), (128 bytes).
    Removing stm32f4xx_spi.o(i.SPI_Init), (420 bytes).
    Removing stm32f4xx_spi.o(i.SPI_NSSInternalSoftwareConfig), (164 bytes).
    Removing stm32f4xx_spi.o(i.SPI_SSOutputCmd), (148 bytes).
    Removing stm32f4xx_spi.o(i.SPI_StructInit), (24 bytes).
    Removing stm32f4xx_spi.o(i.SPI_TIModeCmd), (148 bytes).
    Removing stm32f4xx_spi.o(i.SPI_TransmitCRC), (116 bytes).
    Removing stm32f4xx_tim.o(.rev16_text), (4 bytes).
    Removing stm32f4xx_tim.o(.revsh_text), (4 bytes).
    Removing stm32f4xx_tim.o(.rrx_text), (6 bytes).
    Removing stm32f4xx_tim.o(i.TI1_Config), (58 bytes).
    Removing stm32f4xx_tim.o(i.TI2_Config), (80 bytes).
    Removing stm32f4xx_tim.o(i.TI3_Config), (72 bytes).
    Removing stm32f4xx_tim.o(i.TI4_Config), (80 bytes).
    Removing stm32f4xx_tim.o(i.TIM_ARRPreloadConfig), (224 bytes).
    Removing stm32f4xx_tim.o(i.TIM_BDTRConfig), (260 bytes).
    Removing stm32f4xx_tim.o(i.TIM_BDTRStructInit), (18 bytes).
    Removing stm32f4xx_tim.o(i.TIM_CCPreloadControl), (108 bytes).
    Removing stm32f4xx_tim.o(i.TIM_CCxCmd), (240 bytes).
    Removing stm32f4xx_tim.o(i.TIM_CCxNCmd), (140 bytes).
    Removing stm32f4xx_tim.o(i.TIM_ClearFlag), (188 bytes).
    Removing stm32f4xx_tim.o(i.TIM_ClearITPendingBit), (188 bytes).
    Removing stm32f4xx_tim.o(i.TIM_ClearOC1Ref), (196 bytes).
    Removing stm32f4xx_tim.o(i.TIM_ClearOC2Ref), (164 bytes).
    Removing stm32f4xx_tim.o(i.TIM_ClearOC3Ref), (136 bytes).
    Removing stm32f4xx_tim.o(i.TIM_ClearOC4Ref), (144 bytes).
    Removing stm32f4xx_tim.o(i.TIM_CounterModeConfig), (148 bytes).
    Removing stm32f4xx_tim.o(i.TIM_DMACmd), (184 bytes).
    Removing stm32f4xx_tim.o(i.TIM_DMAConfig), (320 bytes).
    Removing stm32f4xx_tim.o(i.TIM_DeInit), (520 bytes).
    Removing stm32f4xx_tim.o(i.TIM_ETRClockMode1Config), (220 bytes).
    Removing stm32f4xx_tim.o(i.TIM_ETRClockMode2Config), (200 bytes).
    Removing stm32f4xx_tim.o(i.TIM_ETRConfig), (212 bytes).
    Removing stm32f4xx_tim.o(i.TIM_EncoderInterfaceConfig), (284 bytes).
    Removing stm32f4xx_tim.o(i.TIM_ForcedOC1Config), (200 bytes).
    Removing stm32f4xx_tim.o(i.TIM_ForcedOC2Config), (168 bytes).
    Removing stm32f4xx_tim.o(i.TIM_ForcedOC3Config), (140 bytes).
    Removing stm32f4xx_tim.o(i.TIM_ForcedOC4Config), (148 bytes).
    Removing stm32f4xx_tim.o(i.TIM_GenerateEvent), (208 bytes).
    Removing stm32f4xx_tim.o(i.TIM_GetCapture1), (164 bytes).
    Removing stm32f4xx_tim.o(i.TIM_GetCapture2), (124 bytes).
    Removing stm32f4xx_tim.o(i.TIM_GetCapture3), (104 bytes).
    Removing stm32f4xx_tim.o(i.TIM_GetCapture4), (104 bytes).
    Removing stm32f4xx_tim.o(i.TIM_GetCounter), (184 bytes).
    Removing stm32f4xx_tim.o(i.TIM_GetFlagStatus), (268 bytes).
    Removing stm32f4xx_tim.o(i.TIM_GetITStatus), (268 bytes).
    Removing stm32f4xx_tim.o(i.TIM_GetPrescaler), (184 bytes).
    Removing stm32f4xx_tim.o(i.TIM_ICInit), (532 bytes).
    Removing stm32f4xx_tim.o(i.TIM_ICStructInit), (18 bytes).
    Removing stm32f4xx_tim.o(i.TIM_ITConfig), (240 bytes).
    Removing stm32f4xx_tim.o(i.TIM_ITRxExternalClockConfig), (168 bytes).
    Removing stm32f4xx_tim.o(i.TIM_InternalClockConfig), (132 bytes).
    Removing stm32f4xx_tim.o(i.TIM_OC1FastConfig), (196 bytes).
    Removing stm32f4xx_tim.o(i.TIM_OC1NPolarityConfig), (100 bytes).
    Removing stm32f4xx_tim.o(i.TIM_OC1PolarityConfig), (196 bytes).
    Removing stm32f4xx_tim.o(i.TIM_OC1PreloadConfig), (196 bytes).
    Removing stm32f4xx_tim.o(i.TIM_OC2FastConfig), (164 bytes).
    Removing stm32f4xx_tim.o(i.TIM_OC2NPolarityConfig), (108 bytes).
    Removing stm32f4xx_tim.o(i.TIM_OC2PolarityConfig), (164 bytes).
    Removing stm32f4xx_tim.o(i.TIM_OC2PreloadConfig), (164 bytes).
    Removing stm32f4xx_tim.o(i.TIM_OC3FastConfig), (136 bytes).
    Removing stm32f4xx_tim.o(i.TIM_OC3NPolarityConfig), (108 bytes).
    Removing stm32f4xx_tim.o(i.TIM_OC3PolarityConfig), (144 bytes).
    Removing stm32f4xx_tim.o(i.TIM_OC3PreloadConfig), (136 bytes).
    Removing stm32f4xx_tim.o(i.TIM_OC4FastConfig), (144 bytes).
    Removing stm32f4xx_tim.o(i.TIM_OC4PolarityConfig), (144 bytes).
    Removing stm32f4xx_tim.o(i.TIM_OC4PreloadConfig), (144 bytes).
    Removing stm32f4xx_tim.o(i.TIM_PWMIConfig), (240 bytes).
    Removing stm32f4xx_tim.o(i.TIM_PrescalerConfig), (208 bytes).
    Removing stm32f4xx_tim.o(i.TIM_RemapConfig), (132 bytes).
    Removing stm32f4xx_tim.o(i.TIM_SelectCCDMA), (144 bytes).
    Removing stm32f4xx_tim.o(i.TIM_SelectCOM), (108 bytes).
    Removing stm32f4xx_tim.o(i.TIM_SelectHallSensor), (164 bytes).
    Removing stm32f4xx_tim.o(i.TIM_SelectInputTrigger), (220 bytes).
    Removing stm32f4xx_tim.o(i.TIM_SelectMasterSlaveMode), (160 bytes).
    Removing stm32f4xx_tim.o(i.TIM_SelectOCxM), (324 bytes).
    Removing stm32f4xx_tim.o(i.TIM_SelectOnePulseMode), (220 bytes).
    Removing stm32f4xx_tim.o(i.TIM_SelectOutputTrigger), (184 bytes).
    Removing stm32f4xx_tim.o(i.TIM_SelectSlaveMode), (168 bytes).
    Removing stm32f4xx_tim.o(i.TIM_SetAutoreload), (188 bytes).
    Removing stm32f4xx_tim.o(i.TIM_SetClockDivision), (208 bytes).
    Removing stm32f4xx_tim.o(i.TIM_SetCompare1), (168 bytes).
    Removing stm32f4xx_tim.o(i.TIM_SetCompare2), (128 bytes).
    Removing stm32f4xx_tim.o(i.TIM_SetCompare3), (108 bytes).
    Removing stm32f4xx_tim.o(i.TIM_SetCompare4), (108 bytes).
    Removing stm32f4xx_tim.o(i.TIM_SetCounter), (188 bytes).
    Removing stm32f4xx_tim.o(i.TIM_SetIC1Prescaler), (208 bytes).
    Removing stm32f4xx_tim.o(i.TIM_SetIC2Prescaler), (176 bytes).
    Removing stm32f4xx_tim.o(i.TIM_SetIC3Prescaler), (148 bytes).
    Removing stm32f4xx_tim.o(i.TIM_SetIC4Prescaler), (156 bytes).
    Removing stm32f4xx_tim.o(i.TIM_TIxExternalClockConfig), (256 bytes).
    Removing stm32f4xx_tim.o(i.TIM_UpdateDisableConfig), (224 bytes).
    Removing stm32f4xx_tim.o(i.TIM_UpdateRequestConfig), (224 bytes).
    Removing stm32f4xx_usart.o(.rev16_text), (4 bytes).
    Removing stm32f4xx_usart.o(.revsh_text), (4 bytes).
    Removing stm32f4xx_usart.o(.rrx_text), (6 bytes).
    Removing stm32f4xx_usart.o(i.USART_ClearFlag), (224 bytes).
    Removing stm32f4xx_usart.o(i.USART_ClockInit), (216 bytes).
    Removing stm32f4xx_usart.o(i.USART_ClockStructInit), (12 bytes).
    Removing stm32f4xx_usart.o(i.USART_Cmd), (192 bytes).
    Removing stm32f4xx_usart.o(i.USART_DMACmd), (212 bytes).
    Removing stm32f4xx_usart.o(i.USART_DeInit), (348 bytes).
    Removing stm32f4xx_usart.o(i.USART_GetFlagStatus), (268 bytes).
    Removing stm32f4xx_usart.o(i.USART_GetITStatus), (376 bytes).
    Removing stm32f4xx_usart.o(i.USART_HalfDuplexCmd), (192 bytes).
    Removing stm32f4xx_usart.o(i.USART_ITConfig), (356 bytes).
    Removing stm32f4xx_usart.o(i.USART_Init), (568 bytes).
    Removing stm32f4xx_usart.o(i.USART_IrDACmd), (192 bytes).
    Removing stm32f4xx_usart.o(i.USART_IrDAConfig), (188 bytes).
    Removing stm32f4xx_usart.o(i.USART_LINBreakDetectLengthConfig), (188 bytes).
    Removing stm32f4xx_usart.o(i.USART_LINCmd), (192 bytes).
    Removing stm32f4xx_usart.o(i.USART_OneBitMethodCmd), (192 bytes).
    Removing stm32f4xx_usart.o(i.USART_OverSampling8Cmd), (192 bytes).
    Removing stm32f4xx_usart.o(i.USART_ReceiveData), (156 bytes).
    Removing stm32f4xx_usart.o(i.USART_ReceiverWakeUpCmd), (192 bytes).
    Removing stm32f4xx_usart.o(i.USART_SendBreak), (160 bytes).
    Removing stm32f4xx_usart.o(i.USART_SendData), (176 bytes).
    Removing stm32f4xx_usart.o(i.USART_SetAddress), (184 bytes).
    Removing stm32f4xx_usart.o(i.USART_SetGuardTime), (108 bytes).
    Removing stm32f4xx_usart.o(i.USART_SetPrescaler), (168 bytes).
    Removing stm32f4xx_usart.o(i.USART_SmartCardCmd), (132 bytes).
    Removing stm32f4xx_usart.o(i.USART_SmartCardNACKCmd), (132 bytes).
    Removing stm32f4xx_usart.o(i.USART_StructInit), (24 bytes).
    Removing stm32f4xx_usart.o(i.USART_WakeUpConfig), (188 bytes).
    Removing uart_handle.o(.rev16_text), (4 bytes).
    Removing uart_handle.o(.revsh_text), (4 bytes).
    Removing uart_handle.o(.rrx_text), (6 bytes).
    Removing uart_handle.o(i._ZN4uart6Handle11initPrivateENS_6RxPinsENS_6TxPinsER17USART_InitTypeDefh), (316 bytes).
    Removing uart_handle.o(i._ZN4uart6Handle12initExtendedENS_6RxPinsENS_6TxPinsER17USART_InitTypeDefP12GPIO_TypeDefth), (102 bytes).
    Removing uart_handle.o(i._ZN4uart6Handle14changeBaudrateEj), (108 bytes).
    Removing uart_handle.o(i._ZN4uart6Handle14enableReceiverEv), (50 bytes).
    Removing uart_handle.o(i._ZN4uart6Handle14sendLocalArrayEPKhj), (124 bytes).
    Removing uart_handle.o(i._ZN4uart6Handle14uartInitHelperERNS0_12UartSettingsE), (244 bytes).
    Removing uart_handle.o(i._ZN4uart6Handle15disableReceiverEv), (50 bytes).
    Removing uart_handle.o(i._ZN4uart6Handle15sendStaticArrayEPVKhj), (118 bytes).
    Removing uart_handle.o(i._ZN4uart6Handle17enableTransmit485Ev), (18 bytes).
    Removing uart_handle.o(i._ZN4uart6Handle17isReceiverOverrunEv), (24 bytes).
    Removing uart_handle.o(i._ZN4uart6Handle18isTransmitCompleteEv), (24 bytes).
    Removing uart_handle.o(i._ZN4uart6Handle4initENS_6RxPinsENS_6TxPinsEj), (68 bytes).
    Removing uart_handle.o(i._ZN4uart6Handle4initENS_6RxPinsENS_6TxPinsEjP12GPIO_TypeDefth), (66 bytes).
    Removing uart_handle.o(i._ZN4uart6Handle4initENS_6RxPinsENS_6TxPinsEjh), (68 bytes).
    Removing uart_handle.o(i._ZN4uart6Handle4lockEv), (24 bytes).
    Removing uart_handle.o(i._ZN4uart6Handle5resetEv), (108 bytes).
    Removing uart_handle.o(i._ZN4uart6Handle6unLockEv), (24 bytes).
    Removing uart_handle.o(i._ZN4uart6Handle7getByteEv), (92 bytes).
    Removing uart_handle.o(i._ZN4uart6Handle8getErrorEv), (22 bytes).
    Removing uart_handle.o(i._ZN4uart6Handle8isLockedEv), (24 bytes).
    Removing uart_handle.o(i._ZN4uart6Handle8teardownEv), (140 bytes).
    Removing uart_handle.o(i._ZN4uart6Handle9isNewByteEv), (98 bytes).
    Removing uart_handle.o(.ARM.exidx), (8 bytes).
    Removing uart_handle.o(.ARM.exidx), (8 bytes).
    Removing uart_handle.o(.ARM.exidx), (8 bytes).
    Removing uart_handle.o(.ARM.exidx), (8 bytes).
    Removing uart_handle.o(.ARM.exidx), (8 bytes).
    Removing uart_handle.o(.ARM.exidx), (8 bytes).
    Removing uart_handle.o(.ARM.exidx), (8 bytes).
    Removing uart_handle.o(.ARM.exidx), (8 bytes).
    Removing uart_handle.o(.ARM.exidx), (8 bytes).
    Removing uart_handle.o(.ARM.exidx), (8 bytes).
    Removing uart_handle.o(.ARM.exidx), (8 bytes).
    Removing uart_handle.o(.ARM.exidx), (8 bytes).
    Removing uart_handle.o(.ARM.exidx), (8 bytes).
    Removing uart_handle.o(.ARM.exidx), (8 bytes).
    Removing uart_handle.o(.ARM.exidx), (8 bytes).
    Removing uart_handle.o(.ARM.exidx), (8 bytes).
    Removing uart_handle.o(.ARM.exidx), (8 bytes).
    Removing uart_handle.o(.ARM.exidx), (8 bytes).
    Removing uart_handle.o(.ARM.exidx), (8 bytes).
    Removing uart_handle.o(.ARM.exidx), (8 bytes).
    Removing uart_handle.o(.ARM.exidx), (8 bytes).
    Removing uart_handle.o(.ARM.exidx), (8 bytes).
    Removing uart_handle.o(.ARM.exidx), (8 bytes).
    Removing uart_handle.o(.ARM.exidx), (8 bytes).
    Removing uart_handle.o(.ARM.exidx), (8 bytes).
    Removing uart_handle.o(.ARM.exidx), (8 bytes).
    Removing uart_handle.o(.ARM.exidx), (8 bytes).
    Removing uart_handle.o(.ARM.exidx), (8 bytes).
    Removing system_stm32f4xx.o(.rev16_text), (4 bytes).
    Removing system_stm32f4xx.o(.revsh_text), (4 bytes).
    Removing system_stm32f4xx.o(.rrx_text), (6 bytes).
    Removing system_stm32f4xx.o(i.SystemCoreClockUpdate), (192 bytes).
    Removing system_stm32f4xx.o(.constdata), (24 bytes).
    Removing system_stm32f4xx.o(.data), (4 bytes).
    Removing time_service.o(.rev16_text), (4 bytes).
    Removing time_service.o(.revsh_text), (4 bytes).
    Removing time_service.o(.rrx_text), (6 bytes).
    Removing time_service.o(i._ZN12time_service4initEv), (108 bytes).
    Removing time_service.o(i._ZN12time_service8delay_msEj), (28 bytes).
    Removing time_service.o(i._ZN12time_service8stopTimeEv), (18 bytes).
    Removing time_service.o(i._ZN12time_service9startTimeEv), (18 bytes).
    Removing time_service.o(.ARM.exidx), (8 bytes).
    Removing time_service.o(.ARM.exidx), (8 bytes).
    Removing time_service.o(.ARM.exidx), (8 bytes).
    Removing time_service.o(.ARM.exidx), (8 bytes).
    Removing time_service.o(.ARM.exidx), (8 bytes).
    Removing retarget.o(.rev16_text), (4 bytes).
    Removing retarget.o(.revsh_text), (4 bytes).
    Removing retarget.o(.rrx_text), (6 bytes).
    Removing retarget.o(i._Z12ITM_SendCharj), (48 bytes).
    Removing retarget.o(i._sys_command_string), (6 bytes).
    Removing retarget.o(i._ttywrch), (12 bytes).
    Removing retarget.o(i.ferror), (8 bytes).
    Removing retarget.o(i.fgetc), (6 bytes).
    Removing retarget.o(i.fputc), (14 bytes).
    Removing retarget.o(.ARM.exidx), (8 bytes).
    Removing retarget.o(.ARM.exidx), (8 bytes).
    Removing retarget.o(.ARM.exidx), (8 bytes).
    Removing retarget.o(.ARM.exidx), (8 bytes).
    Removing retarget.o(.ARM.exidx), (8 bytes).
    Removing retarget.o(.ARM.exidx), (8 bytes).
    Removing retarget.o(.ARM.exidx), (8 bytes).
    Removing retarget.o(.ARM.exidx), (8 bytes).
    Removing retarget.o(.ARM.exidx), (8 bytes).
    Removing retarget.o(.data), (12 bytes).
    Removing motors.o(.rev16_text), (4 bytes).
    Removing motors.o(.revsh_text), (4 bytes).
    Removing motors.o(.rrx_text), (6 bytes).
    Removing motors.o(i._ZN6Motors8setPowerEPi), (22 bytes).
    Removing motors.o(.ARM.exidx), (8 bytes).
    Removing motors.o(.ARM.exidx), (8 bytes).
    Removing motors.o(.ARM.exidx), (8 bytes).
    Removing motors.o(.ARM.exidx), (8 bytes).
    Removing motors.o(.ARM.exidx), (8 bytes).
    Removing motors.o(.ARM.exidx), (8 bytes).
    Removing uart_handle.o(.ARM.exidx), (8 bytes).
    Removing uart_handle.o(.ARM.exidx), (8 bytes).
    Removing uart_handle.o(.ARM.exidx), (8 bytes).
    Removing uart_handle.o(i._ZN11ISerialPort9sendInt32Ej), (18 bytes).
    Removing uart_handle.o(.ARM.exidx), (8 bytes).
    Removing uart_handle.o(i._ZN11ISerialPort8sendByteEh), (18 bytes).
    Removing uart_handle.o(.ARM.exidx), (8 bytes).
    Removing uart_handle.o(t._ZNV14CircularBufferIhLj255EE8readTailEv), (110 bytes).
    Removing uart_handle.o(.ARM.exidx), (8 bytes).
    Removing uart_handle.o(i._ZN4uart6HandleD0Ev), (18 bytes).
    Removing uart_handle.o(.ARM.exidx), (8 bytes).
    Removing uart_handle.o(.constdata__ZTIN4uart6HandleE), (12 bytes).
    Removing uart_handle.o(.constdata__ZTI11ISerialPort), (8 bytes).
    Removing uart_handle.o(.constdata__ZTSN4uart6HandleE), (15 bytes).
    Removing uart_handle.o(.constdata__ZTS11ISerialPort), (14 bytes).
    Removing uart_handle.o(i._ZN11ISerialPortD2Ev), (2 bytes).
    Removing uart_handle.o(.ARM.exidx), (8 bytes).
    Removing uart_handle.o(i._ZN11ISerialPortD0Ev), (16 bytes).
    Removing uart_handle.o(.ARM.exidx), (8 bytes).
    Removing motors.o(.ARM.exidx), (8 bytes).
    Removing motors.o(.ARM.exidx), (8 bytes).
    Removing motors.o(.ARM.exidx), (8 bytes).
    Removing motors.o(.ARM.exidx), (8 bytes).

489 unused section(s) (total 58571 bytes) removed from the image.

==============================================================================

Image Symbol Table

    Local Symbols

    Symbol Name                              Value     Ov Type        Size  Object(Section)

    ../../../edgfe/lib_src/arm_exceptions.c  0x00000000   Number         0  arm_exceptions_mem.o ABSOLUTE
    ../../../edgfe/lib_src/arm_exceptions.c  0x00000000   Number         0  arm_exceptions_globs.o ABSOLUTE
    ../../../edgfe/lib_src/arm_exceptions.c  0x00000000   Number         0  arm_exceptions_support.o ABSOLUTE
    ../../../edgfe/lib_src/arm_exceptions.c  0x00000000   Number         0  arm_exceptions_terminate.o ABSOLUTE
    ../../../edgfe/lib_src/arm_exceptions.c  0x00000000   Number         0  arm_exceptions_callterm.o ABSOLUTE
    ../../../edgfe/lib_src/arm_noexceptions.c 0x00000000   Number         0  arm_begincatch_noexceptions.o ABSOLUTE
    ../../../edgfe/lib_src/delete.c          0x00000000   Number         0  delete.o ABSOLUTE
    ../../../edgfe/lib_src/pure_virt.c       0x00000000   Number         0  pure_virt.o ABSOLUTE
    ../../../edgfe/lib_src/typeinfo.c        0x00000000   Number         0  lib_rtti_impl.o ABSOLUTE
    ../../../edgfe/lib_src/typeinfo.c        0x00000000   Number         0  type_info_dtor.o ABSOLUTE
    ../clib/angel/boardlib.s                 0x00000000   Number         0  boardinit2.o ABSOLUTE
    ../clib/angel/boardlib.s                 0x00000000   Number         0  boardshut.o ABSOLUTE
    ../clib/angel/boardlib.s                 0x00000000   Number         0  boardinit3.o ABSOLUTE
    ../clib/angel/boardlib.s                 0x00000000   Number         0  boardinit1.o ABSOLUTE
    ../clib/angel/dczerorl2.s                0x00000000   Number         0  __dczerorl2.o ABSOLUTE
    ../clib/angel/handlers.s                 0x00000000   Number         0  __scatter_zi.o ABSOLUTE
    ../clib/angel/kernel.s                   0x00000000   Number         0  __rtentry4.o ABSOLUTE
    ../clib/angel/kernel.s                   0x00000000   Number         0  rtexit.o ABSOLUTE
    ../clib/angel/kernel.s                   0x00000000   Number         0  __rtentry.o ABSOLUTE
    ../clib/angel/kernel.s                   0x00000000   Number         0  rtexit2.o ABSOLUTE
    ../clib/angel/kernel.s                   0x00000000   Number         0  __rtentry2.o ABSOLUTE
    ../clib/angel/rt.s                       0x00000000   Number         0  rt_raise.o ABSOLUTE
    ../clib/angel/rt.s                       0x00000000   Number         0  rt_heap_descriptor.o ABSOLUTE
    ../clib/angel/rt.s                       0x00000000   Number         0  rt_heap_descriptor_intlibspace.o ABSOLUTE
    ../clib/angel/rt.s                       0x00000000   Number         0  rt_eh_globals_addr_intlibspace.o ABSOLUTE
    ../clib/angel/rt.s                       0x00000000   Number         0  rt_eh_globals_addr.o ABSOLUTE
    ../clib/angel/scatter.s                  0x00000000   Number         0  __scatter.o ABSOLUTE
    ../clib/angel/startup.s                  0x00000000   Number         0  __main.o ABSOLUTE
    ../clib/angel/sys.s                      0x00000000   Number         0  use_no_semi.o ABSOLUTE
    ../clib/angel/sys.s                      0x00000000   Number         0  sys_stackheap_outer.o ABSOLUTE
    ../clib/angel/sys.s                      0x00000000   Number         0  libspace.o ABSOLUTE
    ../clib/angel/sys.s                      0x00000000   Number         0  mutex_dummy.o ABSOLUTE
    ../clib/arm_runtime.c                    0x00000000   Number         0  init_aeabi.o ABSOLUTE
    ../clib/arm_runtime.c                    0x00000000   Number         0  init_aeabi.o ABSOLUTE
    ../clib/armsys.c                         0x00000000   Number         0  argv_veneer.o ABSOLUTE
    ../clib/armsys.c                         0x00000000   Number         0  no_argv.o ABSOLUTE
    ../clib/armsys.c                         0x00000000   Number         0  _get_argv_nomalloc.o ABSOLUTE
    ../clib/armsys.c                         0x00000000   Number         0  argv_veneer.o ABSOLUTE
    ../clib/armsys.c                         0x00000000   Number         0  _get_argv.o ABSOLUTE
    ../clib/heap1.c                          0x00000000   Number         0  h1_init_mt.o ABSOLUTE
    ../clib/heap1.c                          0x00000000   Number         0  h1_init.o ABSOLUTE
    ../clib/heap1.c                          0x00000000   Number         0  h1_alloc.o ABSOLUTE
    ../clib/heap1.c                          0x00000000   Number         0  h1_alloc_mt.o ABSOLUTE
    ../clib/heap1.c                          0x00000000   Number         0  h1_free.o ABSOLUTE
    ../clib/heap1.c                          0x00000000   Number         0  h1_free_mt.o ABSOLUTE
    ../clib/heap1.c                          0x00000000   Number         0  h1_extend.o ABSOLUTE
    ../clib/heap1.c                          0x00000000   Number         0  h1_extend_mt.o ABSOLUTE
    ../clib/heap1.c                          0x00000000   Number         0  h1_final_mt.o ABSOLUTE
    ../clib/heap1.c                          0x00000000   Number         0  h1_final.o ABSOLUTE
    ../clib/heap2.c                          0x00000000   Number         0  heap2.o ABSOLUTE
    ../clib/heap2.c                          0x00000000   Number         0  fdtree.o ABSOLUTE
    ../clib/heap2.c                          0x00000000   Number         0  heap2mt.o ABSOLUTE
    ../clib/heapalloc.c                      0x00000000   Number         0  maybetermalloc1.o ABSOLUTE
    ../clib/heapalloc.c                      0x00000000   Number         0  maybetermalloc1.o ABSOLUTE
    ../clib/heapalloc.c                      0x00000000   Number         0  malloc.o ABSOLUTE
    ../clib/heapalloc.c                      0x00000000   Number         0  maybetermalloc2.o ABSOLUTE
    ../clib/heapalloc.c                      0x00000000   Number         0  maybetermalloc2.o ABSOLUTE
    ../clib/heapalloc.c                      0x00000000   Number         0  term_alloc.o ABSOLUTE
    ../clib/heapalloc.c                      0x00000000   Number         0  hrguard.o ABSOLUTE
    ../clib/heapalloc.c                      0x00000000   Number         0  init_alloc.o ABSOLUTE
    ../clib/heapalloc.c                      0x00000000   Number         0  hguard.o ABSOLUTE
    ../clib/heapalloc.c                      0x00000000   Number         0  heapstubs.o ABSOLUTE
    ../clib/heapalloc.c                      0x00000000   Number         0  free.o ABSOLUTE
    ../clib/heapaux.c                        0x00000000   Number         0  heapauxa.o ABSOLUTE
    ../clib/heapaux.c                        0x00000000   Number         0  heapauxi.o ABSOLUTE
    ../clib/libinit.s                        0x00000000   Number         0  libinit.o ABSOLUTE
    ../clib/libinit.s                        0x00000000   Number         0  libinit2.o ABSOLUTE
    ../clib/libinit.s                        0x00000000   Number         0  libshutdown.o ABSOLUTE
    ../clib/libinit.s                        0x00000000   Number         0  libshutdown2.o ABSOLUTE
    ../clib/memcpset.s                       0x00000000   Number         0  rt_memclr.o ABSOLUTE
    ../clib/memcpset.s                       0x00000000   Number         0  rt_memcpy_w.o ABSOLUTE
    ../clib/memcpset.s                       0x00000000   Number         0  rt_memclr_w.o ABSOLUTE
    ../clib/signal.c                         0x00000000   Number         0  defsig_rtmem_inner.o ABSOLUTE
    ../clib/signal.c                         0x00000000   Number         0  defsig_abrt_inner.o ABSOLUTE
    ../clib/signal.c                         0x00000000   Number         0  defsig_fpe_inner.o ABSOLUTE
    ../clib/signal.c                         0x00000000   Number         0  defsig_rtred_inner.o ABSOLUTE
    ../clib/signal.c                         0x00000000   Number         0  defsig_stak_inner.o ABSOLUTE
    ../clib/signal.c                         0x00000000   Number         0  defsig_cppl_inner.o ABSOLUTE
    ../clib/signal.c                         0x00000000   Number         0  defsig_segv_inner.o ABSOLUTE
    ../clib/signal.c                         0x00000000   Number         0  defsig_other.o ABSOLUTE
    ../clib/signal.c                         0x00000000   Number         0  defsig_abrt_outer.o ABSOLUTE
    ../clib/signal.c                         0x00000000   Number         0  defsig_pvfn_outer.o ABSOLUTE
    ../clib/signal.c                         0x00000000   Number         0  defsig_pvfn_formal.o ABSOLUTE
    ../clib/signal.c                         0x00000000   Number         0  defsig_exit.o ABSOLUTE
    ../clib/signal.c                         0x00000000   Number         0  defsig_pvfn_inner.o ABSOLUTE
    ../clib/signal.c                         0x00000000   Number         0  __raise.o ABSOLUTE
    ../clib/signal.c                         0x00000000   Number         0  defsig_general.o ABSOLUTE
    ../clib/signal.c                         0x00000000   Number         0  defsig_rtmem_outer.o ABSOLUTE
    ../clib/signal.c                         0x00000000   Number         0  defsig_rtmem_formal.o ABSOLUTE
    ../clib/signal.c                         0x00000000   Number         0  defsig_abrt_formal.o ABSOLUTE
    ../clib/signal.s                         0x00000000   Number         0  defsig.o ABSOLUTE
    ../clib/stdlib.c                         0x00000000   Number         0  abort.o ABSOLUTE
    ../clib/stdlib.c                         0x00000000   Number         0  exit.o ABSOLUTE
    ../fplib/fpinit.s                        0x00000000   Number         0  fpinit.o ABSOLUTE
    dc.s                                     0x00000000   Number         0  dc.o ABSOLUTE
    src\\main\\main.cpp                      0x00000000   Number         0  main.o ABSOLUTE
    src\\mcu_support_package\\system_stm32f4xx.c 0x00000000   Number         0  system_stm32f4xx.o ABSOLUTE
    src\\motors\\motors.cpp                  0x00000000   Number         0  motors.o ABSOLUTE
    src\\retarget\\retarget.cpp              0x00000000   Number         0  retarget.o ABSOLUTE
    src\\spl\\src\\misc.c                    0x00000000   Number         0  misc.o ABSOLUTE
    src\\spl\\src\\stm32f4xx_adc.c           0x00000000   Number         0  stm32f4xx_adc.o ABSOLUTE
    src\\spl\\src\\stm32f4xx_can.c           0x00000000   Number         0  stm32f4xx_can.o ABSOLUTE
    src\\spl\\src\\stm32f4xx_dma.c           0x00000000   Number         0  stm32f4xx_dma.o ABSOLUTE
    src\\spl\\src\\stm32f4xx_exti.c          0x00000000   Number         0  stm32f4xx_exti.o ABSOLUTE
    src\\spl\\src\\stm32f4xx_gpio.c          0x00000000   Number         0  stm32f4xx_gpio.o ABSOLUTE
    src\\spl\\src\\stm32f4xx_i2c.c           0x00000000   Number         0  stm32f4xx_i2c.o ABSOLUTE
    src\\spl\\src\\stm32f4xx_rcc.c           0x00000000   Number         0  stm32f4xx_rcc.o ABSOLUTE
    src\\spl\\src\\stm32f4xx_spi.c           0x00000000   Number         0  stm32f4xx_spi.o ABSOLUTE
    src\\spl\\src\\stm32f4xx_tim.c           0x00000000   Number         0  stm32f4xx_tim.o ABSOLUTE
    src\\spl\\src\\stm32f4xx_usart.c         0x00000000   Number         0  stm32f4xx_usart.o ABSOLUTE
    src\\time_service\\time_service.cpp      0x00000000   Number         0  time_service.o ABSOLUTE
    src\\uart\\uart_handle.cpp               0x00000000   Number         0  uart_handle.o ABSOLUTE
    src\main\main.cpp                        0x00000000   Number         0  main.o ABSOLUTE
    src\mcu_support_package\arm\startup_stm32f407xx.s 0x00000000   Number         0  startup_stm32f407xx.o ABSOLUTE
    src\mcu_support_package\system_stm32f4xx.c 0x00000000   Number         0  system_stm32f4xx.o ABSOLUTE
    src\motors\motors.cpp                    0x00000000   Number         0  motors.o ABSOLUTE
    src\retarget\retarget.cpp                0x00000000   Number         0  retarget.o ABSOLUTE
    src\spl\src\misc.c                       0x00000000   Number         0  misc.o ABSOLUTE
    src\spl\src\stm32f4xx_adc.c              0x00000000   Number         0  stm32f4xx_adc.o ABSOLUTE
    src\spl\src\stm32f4xx_can.c              0x00000000   Number         0  stm32f4xx_can.o ABSOLUTE
    src\spl\src\stm32f4xx_dma.c              0x00000000   Number         0  stm32f4xx_dma.o ABSOLUTE
    src\spl\src\stm32f4xx_exti.c             0x00000000   Number         0  stm32f4xx_exti.o ABSOLUTE
    src\spl\src\stm32f4xx_gpio.c             0x00000000   Number         0  stm32f4xx_gpio.o ABSOLUTE
    src\spl\src\stm32f4xx_i2c.c              0x00000000   Number         0  stm32f4xx_i2c.o ABSOLUTE
    src\spl\src\stm32f4xx_rcc.c              0x00000000   Number         0  stm32f4xx_rcc.o ABSOLUTE
    src\spl\src\stm32f4xx_spi.c              0x00000000   Number         0  stm32f4xx_spi.o ABSOLUTE
    src\spl\src\stm32f4xx_tim.c              0x00000000   Number         0  stm32f4xx_tim.o ABSOLUTE
    src\spl\src\stm32f4xx_usart.c            0x00000000   Number         0  stm32f4xx_usart.o ABSOLUTE
    src\time_service\time_service.cpp        0x00000000   Number         0  time_service.o ABSOLUTE
    src\uart\uart_handle.cpp                 0x00000000   Number         0  uart_handle.o ABSOLUTE
    RESET                                    0x08000000   Section      392  startup_stm32f407xx.o(RESET)
    !!!main                                  0x08000188   Section        8  __main.o(!!!main)
    !!!scatter                               0x08000190   Section       52  __scatter.o(!!!scatter)
    !!dczerorl2                              0x080001c4   Section       90  __dczerorl2.o(!!dczerorl2)
    !!handler_zi                             0x08000220   Section       28  __scatter_zi.o(!!handler_zi)
    .ARM.Collect$$libinit$$00000000          0x0800023c   Section        2  libinit.o(.ARM.Collect$$libinit$$00000000)
    .ARM.Collect$$libinit$$00000001          0x0800023e   Section        4  libinit2.o(.ARM.Collect$$libinit$$00000001)
    .ARM.Collect$$libinit$$00000004          0x08000242   Section        0  libinit2.o(.ARM.Collect$$libinit$$00000004)
    .ARM.Collect$$libinit$$0000000A          0x08000242   Section        0  libinit2.o(.ARM.Collect$$libinit$$0000000A)
    .ARM.Collect$$libinit$$0000000C          0x08000242   Section        0  libinit2.o(.ARM.Collect$$libinit$$0000000C)
    .ARM.Collect$$libinit$$0000000E          0x08000242   Section        0  libinit2.o(.ARM.Collect$$libinit$$0000000E)
    .ARM.Collect$$libinit$$00000011          0x08000242   Section        0  libinit2.o(.ARM.Collect$$libinit$$00000011)
    .ARM.Collect$$libinit$$00000013          0x08000242   Section        0  libinit2.o(.ARM.Collect$$libinit$$00000013)
    .ARM.Collect$$libinit$$00000015          0x08000242   Section        0  libinit2.o(.ARM.Collect$$libinit$$00000015)
    .ARM.Collect$$libinit$$00000017          0x08000242   Section        0  libinit2.o(.ARM.Collect$$libinit$$00000017)
    .ARM.Collect$$libinit$$00000019          0x08000242   Section        0  libinit2.o(.ARM.Collect$$libinit$$00000019)
    .ARM.Collect$$libinit$$0000001B          0x08000242   Section        0  libinit2.o(.ARM.Collect$$libinit$$0000001B)
    .ARM.Collect$$libinit$$0000001D          0x08000242   Section        0  libinit2.o(.ARM.Collect$$libinit$$0000001D)
    .ARM.Collect$$libinit$$0000001F          0x08000242   Section        0  libinit2.o(.ARM.Collect$$libinit$$0000001F)
    .ARM.Collect$$libinit$$00000021          0x08000242   Section        0  libinit2.o(.ARM.Collect$$libinit$$00000021)
    .ARM.Collect$$libinit$$00000023          0x08000242   Section        0  libinit2.o(.ARM.Collect$$libinit$$00000023)
    .ARM.Collect$$libinit$$00000025          0x08000242   Section        0  libinit2.o(.ARM.Collect$$libinit$$00000025)
    .ARM.Collect$$libinit$$0000002C          0x08000242   Section        0  libinit2.o(.ARM.Collect$$libinit$$0000002C)
    .ARM.Collect$$libinit$$0000002E          0x08000242   Section        0  libinit2.o(.ARM.Collect$$libinit$$0000002E)
    .ARM.Collect$$libinit$$00000030          0x08000242   Section        0  libinit2.o(.ARM.Collect$$libinit$$00000030)
    .ARM.Collect$$libinit$$00000031          0x08000242   Section        4  libinit2.o(.ARM.Collect$$libinit$$00000031)
    .ARM.Collect$$libinit$$00000032          0x08000246   Section        0  libinit2.o(.ARM.Collect$$libinit$$00000032)
    .ARM.Collect$$libinit$$00000033          0x08000246   Section        2  libinit2.o(.ARM.Collect$$libinit$$00000033)
    .ARM.Collect$$libshutdown$$00000000      0x08000248   Section        2  libshutdown.o(.ARM.Collect$$libshutdown$$00000000)
    .ARM.Collect$$libshutdown$$00000002      0x0800024a   Section        0  libshutdown2.o(.ARM.Collect$$libshutdown$$00000002)
    .ARM.Collect$$libshutdown$$00000004      0x0800024a   Section        0  libshutdown2.o(.ARM.Collect$$libshutdown$$00000004)
    .ARM.Collect$$libshutdown$$00000007      0x0800024a   Section        0  libshutdown2.o(.ARM.Collect$$libshutdown$$00000007)
    .ARM.Collect$$libshutdown$$0000000A      0x0800024a   Section        0  libshutdown2.o(.ARM.Collect$$libshutdown$$0000000A)
    .ARM.Collect$$libshutdown$$0000000C      0x0800024a   Section        0  libshutdown2.o(.ARM.Collect$$libshutdown$$0000000C)
    .ARM.Collect$$libshutdown$$0000000F      0x0800024a   Section        0  libshutdown2.o(.ARM.Collect$$libshutdown$$0000000F)
    .ARM.Collect$$libshutdown$$00000010      0x0800024a   Section        2  libshutdown2.o(.ARM.Collect$$libshutdown$$00000010)
    .ARM.Collect$$rtentry$$00000000          0x0800024c   Section        0  __rtentry.o(.ARM.Collect$$rtentry$$00000000)
    .ARM.Collect$$rtentry$$00000002          0x0800024c   Section        0  __rtentry2.o(.ARM.Collect$$rtentry$$00000002)
    .ARM.Collect$$rtentry$$00000004          0x0800024c   Section        6  __rtentry4.o(.ARM.Collect$$rtentry$$00000004)
    .ARM.Collect$$rtentry$$00000009          0x08000252   Section        0  __rtentry2.o(.ARM.Collect$$rtentry$$00000009)
    .ARM.Collect$$rtentry$$0000000A          0x08000252   Section        4  __rtentry2.o(.ARM.Collect$$rtentry$$0000000A)
    .ARM.Collect$$rtentry$$0000000C          0x08000256   Section        0  __rtentry2.o(.ARM.Collect$$rtentry$$0000000C)
    .ARM.Collect$$rtentry$$0000000D          0x08000256   Section        8  __rtentry2.o(.ARM.Collect$$rtentry$$0000000D)
    .ARM.Collect$$rtexit$$00000000           0x0800025e   Section        2  rtexit.o(.ARM.Collect$$rtexit$$00000000)
    .ARM.Collect$$rtexit$$00000002           0x08000260   Section        0  rtexit2.o(.ARM.Collect$$rtexit$$00000002)
    .ARM.Collect$$rtexit$$00000003           0x08000260   Section        4  rtexit2.o(.ARM.Collect$$rtexit$$00000003)
    .ARM.Collect$$rtexit$$00000004           0x08000264   Section        6  rtexit2.o(.ARM.Collect$$rtexit$$00000004)
    .text                                    0x0800026c   Section       60  startup_stm32f407xx.o(.text)
    $v0                                      0x0800026c   Number         0  startup_stm32f407xx.o(.text)
    .text                                    0x080002a8   Section        2  use_no_semi.o(.text)
    .text                                    0x080002aa   Section       68  rt_memclr.o(.text)
    .text                                    0x080002ee   Section        0  heapauxi.o(.text)
    .text                                    0x080002f4   Section        0  init_aeabi.o(.text)
    .text                                    0x08000318   Section       78  rt_memclr_w.o(.text)
    .text                                    0x08000368   Section        8  libspace.o(.text)
    .text                                    0x08000370   Section       74  sys_stackheap_outer.o(.text)
    .text                                    0x080003ba   Section        0  exit.o(.text)
    i.GPIO_Init                              0x080003cc   Section        0  stm32f4xx_gpio.o(i.GPIO_Init)
    i.GPIO_ResetBits                         0x08000578   Section        0  stm32f4xx_gpio.o(i.GPIO_ResetBits)
    i.GPIO_SetBits                           0x0800062c   Section        0  stm32f4xx_gpio.o(i.GPIO_SetBits)
    i.GPIO_StructInit                        0x080006e0   Section        0  stm32f4xx_gpio.o(i.GPIO_StructInit)
    i.RCC_AHB1PeriphClockCmd                 0x080006f4   Section        0  stm32f4xx_rcc.o(i.RCC_AHB1PeriphClockCmd)
    i.RCC_APB1PeriphClockCmd                 0x08000760   Section        0  stm32f4xx_rcc.o(i.RCC_APB1PeriphClockCmd)
    i.SysTick_Handler                        0x080007c8   Section        0  time_service.o(i.SysTick_Handler)
    i.SystemInit                             0x080007d8   Section        0  system_stm32f4xx.o(i.SystemInit)
    i.TIM_Cmd                                0x0800083c   Section        0  stm32f4xx_tim.o(i.TIM_Cmd)
    i.TIM_CtrlPWMOutputs                     0x0800091c   Section        0  stm32f4xx_tim.o(i.TIM_CtrlPWMOutputs)
    i.TIM_OC1Init                            0x08000990   Section        0  stm32f4xx_tim.o(i.TIM_OC1Init)
    i.TIM_OC2Init                            0x08000b68   Section        0  stm32f4xx_tim.o(i.TIM_OC2Init)
    i.TIM_OC3Init                            0x08000d40   Section        0  stm32f4xx_tim.o(i.TIM_OC3Init)
    i.TIM_OC4Init                            0x08000f00   Section        0  stm32f4xx_tim.o(i.TIM_OC4Init)
    i.TIM_OCStructInit                       0x08001054   Section        0  stm32f4xx_tim.o(i.TIM_OCStructInit)
    i.TIM_TimeBaseInit                       0x08001068   Section        0  stm32f4xx_tim.o(i.TIM_TimeBaseInit)
    i.TIM_TimeBaseStructInit                 0x080011d0   Section        0  stm32f4xx_tim.o(i.TIM_TimeBaseStructInit)
    i.USART2_IRQHandler                      0x080011e4   Section        0  uart_handle.o(i.USART2_IRQHandler)
    i.USART_ClearITPendingBit                0x080011f4   Section        0  stm32f4xx_usart.o(i.USART_ClearITPendingBit)
    i._Z13__get_PRIMASKv                     0x080012f8   Section        0  uart_handle.o(i._Z13__get_PRIMASKv)
    __get_PRIMASK()                          0x080012f9   Thumb Code     6  uart_handle.o(i._Z13__get_PRIMASKv)
    i._Z9gpioToRccP12GPIO_TypeDef            0x08001300   Section        0  uart_handle.o(i._Z9gpioToRccP12GPIO_TypeDef)
    i._ZN4pins6setPinEP12GPIO_TypeDefjb      0x0800138c   Section        0  motors.o(i._ZN4pins6setPinEP12GPIO_TypeDefjb)
    i._ZN4pins6setPwmEP11TIM_TypeDefhj       0x080013aa   Section        0  motors.o(i._ZN4pins6setPwmEP11TIM_TypeDefhj)
    i._ZN4pins7initOutEP12GPIO_TypeDefj      0x080013dc   Section        0  motors.o(i._ZN4pins7initOutEP12GPIO_TypeDefj)
    i._ZN4pins7initPwmEP12GPIO_TypeDefjP11TIM_TypeDefh 0x08001404   Section        0  motors.o(i._ZN4pins7initPwmEP12GPIO_TypeDefjP11TIM_TypeDefh)
    i._ZN4uart6Handle10irqHandlerEv          0x080014c8   Section        0  uart_handle.o(i._ZN4uart6Handle10irqHandlerEv)
    i._ZN4uart6Handle18disableTransmit485Ev  0x080015ce   Section        0  uart_handle.o(i._ZN4uart6Handle18disableTransmit485Ev)
    i._ZN4uart6HandleC1Ev                    0x080015e0   Section        0  uart_handle.o(i._ZN4uart6HandleC1Ev)
    i._ZN4uart6HandleD1Ev                    0x08001670   Section        0  uart_handle.o(i._ZN4uart6HandleD1Ev)
    i._ZN6Motors8initPinsEv                  0x08001674   Section        0  motors.o(i._ZN6Motors8initPinsEv)
    i._ZN6Motors8setPowerEhi                 0x08001888   Section        0  motors.o(i._ZN6Motors8setPowerEhi)
    i._ZN6Motors8setPowerEiiii               0x0800191c   Section        0  motors.o(i._ZN6Motors8setPowerEiiii)
    i._ZN6MotorsC1Ev                         0x08001958   Section        0  motors.o(i._ZN6MotorsC1Ev)
    i._ZN6MotorsD1Ev                         0x0800195a   Section        0  motors.o(i._ZN6MotorsD1Ev)
    i.__aeabi_atexit                         0x0800195c   Section        0  retarget.o(i.__aeabi_atexit)
    i.__sti___15_uart_handle_cpp_934b4167    0x08001960   Section        0  uart_handle.o(i.__sti___15_uart_handle_cpp_934b4167)
    __sti___15_uart_handle_cpp_934b4167      0x08001961   Thumb Code    20  uart_handle.o(i.__sti___15_uart_handle_cpp_934b4167)
    i._sys_exit                              0x08001980   Section        0  retarget.o(i._sys_exit)
    i.assert_failed                          0x08001984   Section        0  retarget.o(i.assert_failed)
    i.main                                   0x0800198e   Section        0  main.o(i.main)
    t._ZNV14CircularBufferIhLj255EE9writeHeadEh 0x080019b6   Section        0  uart_handle.o(t._ZNV14CircularBufferIhLj255EE9writeHeadEh)
    x$fpl$fpinit                             0x08001a22   Section       10  fpinit.o(x$fpl$fpinit)
    $v0                                      0x08001a22   Number         0  fpinit.o(x$fpl$fpinit)
    .constdata                               0x08001a2c   Section       61  retarget.o(.constdata)
    __tagsym$$used                           0x08001a2c   Number         0  retarget.o(.constdata)
    date_time_commit                         0x08001a2c   Data          61  retarget.o(.constdata)
    .constdata__ZTV11ISerialPort             0x08001a6c   Section       80  uart_handle.o(.constdata__ZTV11ISerialPort)
    .constdata__ZTVN4uart6HandleE            0x08001abc   Section       80  uart_handle.o(.constdata__ZTVN4uart6HandleE)
    .init_array                              0x08001b2c   Section        4  uart_handle.o(.init_array)
    .init_array                              0x08001b30   Section        0  init_aeabi.o(.init_array)
    .data                                    0x20000000   Section        1  uart_handle.o(.data)
    .data                                    0x20000004   Section        4  time_service.o(.data)
    .data                                    0x20000008   Section      296  motors.o(.data)
    pins::motors::in1Pin                     0x20000008   Data          16  motors.o(.data)
    pins::motors::in1Port                    0x20000018   Data          16  motors.o(.data)
    pins::motors::in1Tim                     0x20000028   Data          16  motors.o(.data)
    pins::motors::in1Ch                      0x20000038   Data           4  motors.o(.data)
    pins::motors::in2Pin                     0x2000003c   Data          16  motors.o(.data)
    pins::motors::in2Port                    0x2000004c   Data          16  motors.o(.data)
    pins::motors::in2Tim                     0x2000005c   Data          16  motors.o(.data)
    pins::motors::in2Ch                      0x2000006c   Data           4  motors.o(.data)
    pins::motors::enPin                      0x20000070   Data          16  motors.o(.data)
    pins::motors::enPort                     0x20000080   Data          16  motors.o(.data)
    pins::motors::sfPin                      0x20000090   Data          16  motors.o(.data)
    pins::motors::sfPort                     0x200000a0   Data          16  motors.o(.data)
    pins::motors::d1Pin                      0x200000b0   Data          16  motors.o(.data)
    pins::motors::d1Port                     0x200000c0   Data          16  motors.o(.data)
    pins::motors::d2Pin                      0x200000d0   Data          16  motors.o(.data)
    pins::motors::d2Port                     0x200000e0   Data          16  motors.o(.data)
    pins::motors::slewPin                    0x200000f0   Data          16  motors.o(.data)
    pins::motors::slewPort                   0x20000100   Data          16  motors.o(.data)
    pins::motors::invPin                     0x20000110   Data          16  motors.o(.data)
    pins::motors::invPort                    0x20000120   Data          16  motors.o(.data)
    .bss                                     0x20000130   Section      580  uart_handle.o(.bss)
    .bss                                     0x20000374   Section       96  libspace.o(.bss)
    HEAP                                     0x200003d8   Section        0  startup_stm32f407xx.o(HEAP)
    STACK                                    0x200003d8   Section     1024  startup_stm32f407xx.o(STACK)
    Heap_Mem                                 0x200003d8   Data           0  startup_stm32f407xx.o(HEAP)
    Stack_Mem                                0x200003d8   Data        1024  startup_stm32f407xx.o(STACK)
    __initial_sp                             0x200007d8   Data           0  startup_stm32f407xx.o(STACK)

    Global Symbols

    Symbol Name                              Value     Ov Type        Size  Object(Section)

    BuildAttributes$$THM_ISAv4$E$P$D$K$B$S$7EM$VFPi3$EXTD16$VFPS$VFMA$PE$A:L22UL41UL21$X:L11$S22US41US21$IEEE1$IW$USESV6$~STKCKD$USESV7$~SHL$OTIME$ROPI$EBA8$UX$STANDARDLIB$REQ8$PRES8$EABIv2 0x00000000   Number         0  anon$$obj.o ABSOLUTE
    __ARM_use_no_argv                        0x00000000   Number         0  main.o ABSOLUTE
    __ARM::default_unexpected_handler()       - Undefined Weak Reference
    __ARM_exceptions_buffer_required          - Undefined Weak Reference
    __ARM_exceptions_init                     - Undefined Weak Reference
    __alloca_initialize                       - Undefined Weak Reference
    __arm_preinit_                            - Undefined Weak Reference
    __cxa_finalize                            - Undefined Weak Reference
    __rt_locale                               - Undefined Weak Reference
    __sigvec_lookup                           - Undefined Weak Reference
    __user_heap_extent                        - Undefined Weak Reference
    _atexit_init                              - Undefined Weak Reference
    _call_atexit_fns                          - Undefined Weak Reference
    _clock_init                               - Undefined Weak Reference
    _fp_trap_init                             - Undefined Weak Reference
    _fp_trap_shutdown                         - Undefined Weak Reference
    _get_lc_collate                           - Undefined Weak Reference
    _get_lc_ctype                             - Undefined Weak Reference
    _get_lc_monetary                          - Undefined Weak Reference
    _get_lc_numeric                           - Undefined Weak Reference
    _get_lc_time                              - Undefined Weak Reference
    _getenv_init                              - Undefined Weak Reference
    _handle_redirection                       - Undefined Weak Reference
    _initio                                   - Undefined Weak Reference
    _mutex_acquire                            - Undefined Weak Reference
    _mutex_free                               - Undefined Weak Reference
    _mutex_release                            - Undefined Weak Reference
    _rand_init                                - Undefined Weak Reference
    _signal_finish                            - Undefined Weak Reference
    _signal_init                              - Undefined Weak Reference
    _terminateio                              - Undefined Weak Reference
    __Vectors_Size                           0x00000188   Number         0  startup_stm32f407xx.o ABSOLUTE
    __Vectors                                0x08000000   Data           4  startup_stm32f407xx.o(RESET)
    __dso_handle                             0x08000000   Number         0  startup_stm32f407xx.o(RESET)
    __Vectors_End                            0x08000188   Data           0  startup_stm32f407xx.o(RESET)
    __main                                   0x08000189   Thumb Code     8  __main.o(!!!main)
    __scatterload                            0x08000191   Thumb Code     0  __scatter.o(!!!scatter)
    __scatterload_rt2                        0x08000191   Thumb Code    44  __scatter.o(!!!scatter)
    __scatterload_rt2_thumb_only             0x08000191   Thumb Code     0  __scatter.o(!!!scatter)
    __scatterload_null                       0x0800019f   Thumb Code     0  __scatter.o(!!!scatter)
    __decompress                             0x080001c5   Thumb Code    90  __dczerorl2.o(!!dczerorl2)
    __decompress1                            0x080001c5   Thumb Code     0  __dczerorl2.o(!!dczerorl2)
    __scatterload_zeroinit                   0x08000221   Thumb Code    28  __scatter_zi.o(!!handler_zi)
    __rt_lib_init                            0x0800023d   Thumb Code     0  libinit.o(.ARM.Collect$$libinit$$00000000)
    __rt_lib_init_fp_1                       0x0800023f   Thumb Code     0  libinit2.o(.ARM.Collect$$libinit$$00000001)
    __rt_lib_init_alloca_1                   0x08000243   Thumb Code     0  libinit2.o(.ARM.Collect$$libinit$$0000002E)
    __rt_lib_init_argv_1                     0x08000243   Thumb Code     0  libinit2.o(.ARM.Collect$$libinit$$0000002C)
    __rt_lib_init_atexit_1                   0x08000243   Thumb Code     0  libinit2.o(.ARM.Collect$$libinit$$0000001B)
    __rt_lib_init_clock_1                    0x08000243   Thumb Code     0  libinit2.o(.ARM.Collect$$libinit$$00000021)
    __rt_lib_init_cpp_2                      0x08000243   Thumb Code     0  libinit2.o(.ARM.Collect$$libinit$$00000031)
    __rt_lib_init_exceptions_1               0x08000243   Thumb Code     0  libinit2.o(.ARM.Collect$$libinit$$00000030)
    __rt_lib_init_fp_trap_1                  0x08000243   Thumb Code     0  libinit2.o(.ARM.Collect$$libinit$$0000001F)
    __rt_lib_init_getenv_1                   0x08000243   Thumb Code     0  libinit2.o(.ARM.Collect$$libinit$$00000023)
    __rt_lib_init_heap_1                     0x08000243   Thumb Code     0  libinit2.o(.ARM.Collect$$libinit$$0000000A)
    __rt_lib_init_lc_collate_1               0x08000243   Thumb Code     0  libinit2.o(.ARM.Collect$$libinit$$00000011)
    __rt_lib_init_lc_ctype_1                 0x08000243   Thumb Code     0  libinit2.o(.ARM.Collect$$libinit$$00000013)
    __rt_lib_init_lc_monetary_1              0x08000243   Thumb Code     0  libinit2.o(.ARM.Collect$$libinit$$00000015)
    __rt_lib_init_lc_numeric_1               0x08000243   Thumb Code     0  libinit2.o(.ARM.Collect$$libinit$$00000017)
    __rt_lib_init_lc_time_1                  0x08000243   Thumb Code     0  libinit2.o(.ARM.Collect$$libinit$$00000019)
    __rt_lib_init_preinit_1                  0x08000243   Thumb Code     0  libinit2.o(.ARM.Collect$$libinit$$00000004)
    __rt_lib_init_rand_1                     0x08000243   Thumb Code     0  libinit2.o(.ARM.Collect$$libinit$$0000000E)
    __rt_lib_init_signal_1                   0x08000243   Thumb Code     0  libinit2.o(.ARM.Collect$$libinit$$0000001D)
    __rt_lib_init_stdio_1                    0x08000243   Thumb Code     0  libinit2.o(.ARM.Collect$$libinit$$00000025)
    __rt_lib_init_user_alloc_1               0x08000243   Thumb Code     0  libinit2.o(.ARM.Collect$$libinit$$0000000C)
    __rt_lib_init_cpp_1                      0x08000247   Thumb Code     0  libinit2.o(.ARM.Collect$$libinit$$00000032)
    __rt_lib_init_return                     0x08000247   Thumb Code     0  libinit2.o(.ARM.Collect$$libinit$$00000033)
    __rt_lib_shutdown                        0x08000249   Thumb Code     0  libshutdown.o(.ARM.Collect$$libshutdown$$00000000)
    __rt_lib_shutdown_cpp_1                  0x0800024b   Thumb Code     0  libshutdown2.o(.ARM.Collect$$libshutdown$$00000002)
    __rt_lib_shutdown_fp_trap_1              0x0800024b   Thumb Code     0  libshutdown2.o(.ARM.Collect$$libshutdown$$00000007)
    __rt_lib_shutdown_heap_1                 0x0800024b   Thumb Code     0  libshutdown2.o(.ARM.Collect$$libshutdown$$0000000F)
    __rt_lib_shutdown_return                 0x0800024b   Thumb Code     0  libshutdown2.o(.ARM.Collect$$libshutdown$$00000010)
    __rt_lib_shutdown_signal_1               0x0800024b   Thumb Code     0  libshutdown2.o(.ARM.Collect$$libshutdown$$0000000A)
    __rt_lib_shutdown_stdio_1                0x0800024b   Thumb Code     0  libshutdown2.o(.ARM.Collect$$libshutdown$$00000004)
    __rt_lib_shutdown_user_alloc_1           0x0800024b   Thumb Code     0  libshutdown2.o(.ARM.Collect$$libshutdown$$0000000C)
    __rt_entry                               0x0800024d   Thumb Code     0  __rtentry.o(.ARM.Collect$$rtentry$$00000000)
    __rt_entry_presh_1                       0x0800024d   Thumb Code     0  __rtentry2.o(.ARM.Collect$$rtentry$$00000002)
    __rt_entry_sh                            0x0800024d   Thumb Code     0  __rtentry4.o(.ARM.Collect$$rtentry$$00000004)
    __rt_entry_li                            0x08000253   Thumb Code     0  __rtentry2.o(.ARM.Collect$$rtentry$$0000000A)
    __rt_entry_postsh_1                      0x08000253   Thumb Code     0  __rtentry2.o(.ARM.Collect$$rtentry$$00000009)
    __rt_entry_main                          0x08000257   Thumb Code     0  __rtentry2.o(.ARM.Collect$$rtentry$$0000000D)
    __rt_entry_postli_1                      0x08000257   Thumb Code     0  __rtentry2.o(.ARM.Collect$$rtentry$$0000000C)
    __rt_exit                                0x0800025f   Thumb Code     0  rtexit.o(.ARM.Collect$$rtexit$$00000000)
    __rt_exit_ls                             0x08000261   Thumb Code     0  rtexit2.o(.ARM.Collect$$rtexit$$00000003)
    __rt_exit_prels_1                        0x08000261   Thumb Code     0  rtexit2.o(.ARM.Collect$$rtexit$$00000002)
    __rt_exit_exit                           0x08000265   Thumb Code     0  rtexit2.o(.ARM.Collect$$rtexit$$00000004)
    Reset_Handler                            0x0800026d   Thumb Code     8  startup_stm32f407xx.o(.text)
    NMI_Handler                              0x08000275   Thumb Code     2  startup_stm32f407xx.o(.text)
    HardFault_Handler                        0x08000277   Thumb Code     2  startup_stm32f407xx.o(.text)
    MemManage_Handler                        0x08000279   Thumb Code     2  startup_stm32f407xx.o(.text)
    BusFault_Handler                         0x0800027b   Thumb Code     2  startup_stm32f407xx.o(.text)
    UsageFault_Handler                       0x0800027d   Thumb Code     2  startup_stm32f407xx.o(.text)
    SVC_Handler                              0x0800027f   Thumb Code     2  startup_stm32f407xx.o(.text)
    DebugMon_Handler                         0x08000281   Thumb Code     2  startup_stm32f407xx.o(.text)
    PendSV_Handler                           0x08000283   Thumb Code     2  startup_stm32f407xx.o(.text)
    ADC_IRQHandler                           0x08000287   Thumb Code     0  startup_stm32f407xx.o(.text)
    CAN1_RX0_IRQHandler                      0x08000287   Thumb Code     0  startup_stm32f407xx.o(.text)
    CAN1_RX1_IRQHandler                      0x08000287   Thumb Code     0  startup_stm32f407xx.o(.text)
    CAN1_SCE_IRQHandler                      0x08000287   Thumb Code     0  startup_stm32f407xx.o(.text)
    CAN1_TX_IRQHandler                       0x08000287   Thumb Code     0  startup_stm32f407xx.o(.text)
    CAN2_RX0_IRQHandler                      0x08000287   Thumb Code     0  startup_stm32f407xx.o(.text)
    CAN2_RX1_IRQHandler                      0x08000287   Thumb Code     0  startup_stm32f407xx.o(.text)
    CAN2_SCE_IRQHandler                      0x08000287   Thumb Code     0  startup_stm32f407xx.o(.text)
    CAN2_TX_IRQHandler                       0x08000287   Thumb Code     0  startup_stm32f407xx.o(.text)
    DCMI_IRQHandler                          0x08000287   Thumb Code     0  startup_stm32f407xx.o(.text)
    DMA1_Stream0_IRQHandler                  0x08000287   Thumb Code     0  startup_stm32f407xx.o(.text)
    DMA1_Stream1_IRQHandler                  0x08000287   Thumb Code     0  startup_stm32f407xx.o(.text)
    DMA1_Stream2_IRQHandler                  0x08000287   Thumb Code     0  startup_stm32f407xx.o(.text)
    DMA1_Stream3_IRQHandler                  0x08000287   Thumb Code     0  startup_stm32f407xx.o(.text)
    DMA1_Stream4_IRQHandler                  0x08000287   Thumb Code     0  startup_stm32f407xx.o(.text)
    DMA1_Stream5_IRQHandler                  0x08000287   Thumb Code     0  startup_stm32f407xx.o(.text)
    DMA1_Stream6_IRQHandler                  0x08000287   Thumb Code     0  startup_stm32f407xx.o(.text)
    DMA1_Stream7_IRQHandler                  0x08000287   Thumb Code     0  startup_stm32f407xx.o(.text)
    DMA2_Stream0_IRQHandler                  0x08000287   Thumb Code     0  startup_stm32f407xx.o(.text)
    DMA2_Stream1_IRQHandler                  0x08000287   Thumb Code     0  startup_stm32f407xx.o(.text)
    DMA2_Stream2_IRQHandler                  0x08000287   Thumb Code     0  startup_stm32f407xx.o(.text)
    DMA2_Stream3_IRQHandler                  0x08000287   Thumb Code     0  startup_stm32f407xx.o(.text)
    DMA2_Stream4_IRQHandler                  0x08000287   Thumb Code     0  startup_stm32f407xx.o(.text)
    DMA2_Stream5_IRQHandler                  0x08000287   Thumb Code     0  startup_stm32f407xx.o(.text)
    DMA2_Stream6_IRQHandler                  0x08000287   Thumb Code     0  startup_stm32f407xx.o(.text)
    DMA2_Stream7_IRQHandler                  0x08000287   Thumb Code     0  startup_stm32f407xx.o(.text)
    ETH_IRQHandler                           0x08000287   Thumb Code     0  startup_stm32f407xx.o(.text)
    ETH_WKUP_IRQHandler                      0x08000287   Thumb Code     0  startup_stm32f407xx.o(.text)
    EXTI0_IRQHandler                         0x08000287   Thumb Code     0  startup_stm32f407xx.o(.text)
    EXTI15_10_IRQHandler                     0x08000287   Thumb Code     0  startup_stm32f407xx.o(.text)
    EXTI1_IRQHandler                         0x08000287   Thumb Code     0  startup_stm32f407xx.o(.text)
    EXTI2_IRQHandler                         0x08000287   Thumb Code     0  startup_stm32f407xx.o(.text)
    EXTI3_IRQHandler                         0x08000287   Thumb Code     0  startup_stm32f407xx.o(.text)
    EXTI4_IRQHandler                         0x08000287   Thumb Code     0  startup_stm32f407xx.o(.text)
    EXTI9_5_IRQHandler                       0x08000287   Thumb Code     0  startup_stm32f407xx.o(.text)
    FLASH_IRQHandler                         0x08000287   Thumb Code     0  startup_stm32f407xx.o(.text)
    FMC_IRQHandler                           0x08000287   Thumb Code     0  startup_stm32f407xx.o(.text)
    FPU_IRQHandler                           0x08000287   Thumb Code     0  startup_stm32f407xx.o(.text)
    HASH_RNG_IRQHandler                      0x08000287   Thumb Code     0  startup_stm32f407xx.o(.text)
    I2C1_ER_IRQHandler                       0x08000287   Thumb Code     0  startup_stm32f407xx.o(.text)
    I2C1_EV_IRQHandler                       0x08000287   Thumb Code     0  startup_stm32f407xx.o(.text)
    I2C2_ER_IRQHandler                       0x08000287   Thumb Code     0  startup_stm32f407xx.o(.text)
    I2C2_EV_IRQHandler                       0x08000287   Thumb Code     0  startup_stm32f407xx.o(.text)
    I2C3_ER_IRQHandler                       0x08000287   Thumb Code     0  startup_stm32f407xx.o(.text)
    I2C3_EV_IRQHandler                       0x08000287   Thumb Code     0  startup_stm32f407xx.o(.text)
    OTG_FS_IRQHandler                        0x08000287   Thumb Code     0  startup_stm32f407xx.o(.text)
    OTG_FS_WKUP_IRQHandler                   0x08000287   Thumb Code     0  startup_stm32f407xx.o(.text)
    OTG_HS_EP1_IN_IRQHandler                 0x08000287   Thumb Code     0  startup_stm32f407xx.o(.text)
    OTG_HS_EP1_OUT_IRQHandler                0x08000287   Thumb Code     0  startup_stm32f407xx.o(.text)
    OTG_HS_IRQHandler                        0x08000287   Thumb Code     0  startup_stm32f407xx.o(.text)
    OTG_HS_WKUP_IRQHandler                   0x08000287   Thumb Code     0  startup_stm32f407xx.o(.text)
    PVD_IRQHandler                           0x08000287   Thumb Code     0  startup_stm32f407xx.o(.text)
    RCC_IRQHandler                           0x08000287   Thumb Code     0  startup_stm32f407xx.o(.text)
    RTC_Alarm_IRQHandler                     0x08000287   Thumb Code     0  startup_stm32f407xx.o(.text)
    RTC_WKUP_IRQHandler                      0x08000287   Thumb Code     0  startup_stm32f407xx.o(.text)
    SDIO_IRQHandler                          0x08000287   Thumb Code     0  startup_stm32f407xx.o(.text)
    SPI1_IRQHandler                          0x08000287   Thumb Code     0  startup_stm32f407xx.o(.text)
    SPI2_IRQHandler                          0x08000287   Thumb Code     0  startup_stm32f407xx.o(.text)
    SPI3_IRQHandler                          0x08000287   Thumb Code     0  startup_stm32f407xx.o(.text)
    TAMP_STAMP_IRQHandler                    0x08000287   Thumb Code     0  startup_stm32f407xx.o(.text)
    TIM1_BRK_TIM9_IRQHandler                 0x08000287   Thumb Code     0  startup_stm32f407xx.o(.text)
    TIM1_CC_IRQHandler                       0x08000287   Thumb Code     0  startup_stm32f407xx.o(.text)
    TIM1_TRG_COM_TIM11_IRQHandler            0x08000287   Thumb Code     0  startup_stm32f407xx.o(.text)
    TIM1_UP_TIM10_IRQHandler                 0x08000287   Thumb Code     0  startup_stm32f407xx.o(.text)
    TIM2_IRQHandler                          0x08000287   Thumb Code     0  startup_stm32f407xx.o(.text)
    TIM3_IRQHandler                          0x08000287   Thumb Code     0  startup_stm32f407xx.o(.text)
    TIM4_IRQHandler                          0x08000287   Thumb Code     0  startup_stm32f407xx.o(.text)
    TIM5_IRQHandler                          0x08000287   Thumb Code     0  startup_stm32f407xx.o(.text)
    TIM6_DAC_IRQHandler                      0x08000287   Thumb Code     0  startup_stm32f407xx.o(.text)
    TIM7_IRQHandler                          0x08000287   Thumb Code     0  startup_stm32f407xx.o(.text)
    TIM8_BRK_TIM12_IRQHandler                0x08000287   Thumb Code     0  startup_stm32f407xx.o(.text)
    TIM8_CC_IRQHandler                       0x08000287   Thumb Code     0  startup_stm32f407xx.o(.text)
    TIM8_TRG_COM_TIM14_IRQHandler            0x08000287   Thumb Code     0  startup_stm32f407xx.o(.text)
    TIM8_UP_TIM13_IRQHandler                 0x08000287   Thumb Code     0  startup_stm32f407xx.o(.text)
    UART4_IRQHandler                         0x08000287   Thumb Code     0  startup_stm32f407xx.o(.text)
    UART5_IRQHandler                         0x08000287   Thumb Code     0  startup_stm32f407xx.o(.text)
    USART1_IRQHandler                        0x08000287   Thumb Code     0  startup_stm32f407xx.o(.text)
    USART3_IRQHandler                        0x08000287   Thumb Code     0  startup_stm32f407xx.o(.text)
    USART6_IRQHandler                        0x08000287   Thumb Code     0  startup_stm32f407xx.o(.text)
    WWDG_IRQHandler                          0x08000287   Thumb Code     0  startup_stm32f407xx.o(.text)
    __user_initial_stackheap                 0x08000289   Thumb Code     0  startup_stm32f407xx.o(.text)
    __semihosting$guard                      0x080002a9   Thumb Code     0  use_no_semi.o(.text)
    __use_no_semihosting_swi                 0x080002a9   Thumb Code     2  use_no_semi.o(.text)
    __aeabi_memclr                           0x080002ab   Thumb Code     0  rt_memclr.o(.text)
    __rt_memclr                              0x080002ab   Thumb Code    68  rt_memclr.o(.text)
    _memset                                  0x080002af   Thumb Code     0  rt_memclr.o(.text)
    __use_two_region_memory                  0x080002ef   Thumb Code     2  heapauxi.o(.text)
    __rt_heap_escrow                         0x080002f1   Thumb Code     2  heapauxi.o(.text)
    __rt_heap_expand                         0x080002f3   Thumb Code     2  heapauxi.o(.text)
    __cpp_initialize__aeabi_                 0x080002f5   Thumb Code    26  init_aeabi.o(.text)
    __aeabi_memclr4                          0x08000319   Thumb Code     0  rt_memclr_w.o(.text)
    __aeabi_memclr8                          0x08000319   Thumb Code     0  rt_memclr_w.o(.text)
    __rt_memclr_w                            0x08000319   Thumb Code    78  rt_memclr_w.o(.text)
    _memset_w                                0x0800031d   Thumb Code     0  rt_memclr_w.o(.text)
    __user_libspace                          0x08000369   Thumb Code     8  libspace.o(.text)
    __user_perproc_libspace                  0x08000369   Thumb Code     0  libspace.o(.text)
    __user_perthread_libspace                0x08000369   Thumb Code     0  libspace.o(.text)
    __user_setup_stackheap                   0x08000371   Thumb Code    74  sys_stackheap_outer.o(.text)
    exit                                     0x080003bb   Thumb Code    18  exit.o(.text)
    GPIO_Init                                0x080003cd   Thumb Code   352  stm32f4xx_gpio.o(i.GPIO_Init)
    GPIO_ResetBits                           0x08000579   Thumb Code   104  stm32f4xx_gpio.o(i.GPIO_ResetBits)
    GPIO_SetBits                             0x0800062d   Thumb Code   104  stm32f4xx_gpio.o(i.GPIO_SetBits)
    GPIO_StructInit                          0x080006e1   Thumb Code    18  stm32f4xx_gpio.o(i.GPIO_StructInit)
    RCC_AHB1PeriphClockCmd                   0x080006f5   Thumb Code    70  stm32f4xx_rcc.o(i.RCC_AHB1PeriphClockCmd)
    RCC_APB1PeriphClockCmd                   0x08000761   Thumb Code    70  stm32f4xx_rcc.o(i.RCC_APB1PeriphClockCmd)
    SysTick_Handler                          0x080007c9   Thumb Code    12  time_service.o(i.SysTick_Handler)
    SystemInit                               0x080007d9   Thumb Code    82  system_stm32f4xx.o(i.SystemInit)
    TIM_Cmd                                  0x0800083d   Thumb Code   144  stm32f4xx_tim.o(i.TIM_Cmd)
    TIM_CtrlPWMOutputs                       0x0800091d   Thumb Code    78  stm32f4xx_tim.o(i.TIM_CtrlPWMOutputs)
    TIM_OC1Init                              0x08000991   Thumb Code   400  stm32f4xx_tim.o(i.TIM_OC1Init)
    TIM_OC2Init                              0x08000b69   Thumb Code   416  stm32f4xx_tim.o(i.TIM_OC2Init)
    TIM_OC3Init                              0x08000d41   Thumb Code   400  stm32f4xx_tim.o(i.TIM_OC3Init)
    TIM_OC4Init                              0x08000f01   Thumb Code   290  stm32f4xx_tim.o(i.TIM_OC4Init)
    TIM_OCStructInit                         0x08001055   Thumb Code    20  stm32f4xx_tim.o(i.TIM_OCStructInit)
    TIM_TimeBaseInit                         0x08001069   Thumb Code   278  stm32f4xx_tim.o(i.TIM_TimeBaseInit)
    TIM_TimeBaseStructInit                   0x080011d1   Thumb Code    18  stm32f4xx_tim.o(i.TIM_TimeBaseStructInit)
    USART2_IRQHandler                        0x080011e5   Thumb Code    10  uart_handle.o(i.USART2_IRQHandler)
    USART_ClearITPendingBit                  0x080011f5   Thumb Code   188  stm32f4xx_usart.o(i.USART_ClearITPendingBit)
    gpioToRcc(GPIO_TypeDef*)                 0x08001301   Thumb Code   102  uart_handle.o(i._Z9gpioToRccP12GPIO_TypeDef)
    pins::setPin(GPIO_TypeDef*, unsigned, bool) 0x0800138d   Thumb Code    30  motors.o(i._ZN4pins6setPinEP12GPIO_TypeDefjb)
    pins::setPwm(TIM_TypeDef*, unsigned char, unsigned) 0x080013ab   Thumb Code    50  motors.o(i._ZN4pins6setPwmEP11TIM_TypeDefhj)
    pins::initOut(GPIO_TypeDef*, unsigned)   0x080013dd   Thumb Code    40  motors.o(i._ZN4pins7initOutEP12GPIO_TypeDefj)
    pins::initPwm(GPIO_TypeDef*, unsigned, TIM_TypeDef*, unsigned char) 0x08001405   Thumb Code   190  motors.o(i._ZN4pins7initPwmEP12GPIO_TypeDefjP11TIM_TypeDefh)
    uart::Handle::irqHandler()               0x080014c9   Thumb Code   262  uart_handle.o(i._ZN4uart6Handle10irqHandlerEv)
    uart::Handle::disableTransmit485()       0x080015cf   Thumb Code    18  uart_handle.o(i._ZN4uart6Handle18disableTransmit485Ev)
    uart::Handle::Handle()                   0x080015e1   Thumb Code   132  uart_handle.o(i._ZN4uart6HandleC1Ev)
    uart::Handle::Handle__sub_object()       0x080015e1   Thumb Code     0  uart_handle.o(i._ZN4uart6HandleC1Ev)
    uart::Handle::~Handle()                  0x08001671   Thumb Code     4  uart_handle.o(i._ZN4uart6HandleD1Ev)
    uart::Handle::~Handle__sub_object()      0x08001671   Thumb Code     0  uart_handle.o(i._ZN4uart6HandleD1Ev)
    Motors::initPins()                       0x08001675   Thumb Code   452  motors.o(i._ZN6Motors8initPinsEv)
    Motors::setPower(unsigned char, int)     0x08001889   Thumb Code   130  motors.o(i._ZN6Motors8setPowerEhi)
    Motors::setPower(int, int, int, int)     0x0800191d   Thumb Code    60  motors.o(i._ZN6Motors8setPowerEiiii)
    Motors::Motors()                         0x08001959   Thumb Code     2  motors.o(i._ZN6MotorsC1Ev)
    Motors::Motors__sub_object()             0x08001959   Thumb Code     0  motors.o(i._ZN6MotorsC1Ev)
    Motors::~Motors()                        0x0800195b   Thumb Code     2  motors.o(i._ZN6MotorsD1Ev)
    Motors::~Motors__sub_object()            0x0800195b   Thumb Code     0  motors.o(i._ZN6MotorsD1Ev)
    __aeabi_atexit                           0x0800195d   Thumb Code     4  retarget.o(i.__aeabi_atexit)
    _sys_exit                                0x08001981   Thumb Code     4  retarget.o(i._sys_exit)
    assert_failed                            0x08001985   Thumb Code    10  retarget.o(i.assert_failed)
    main                                     0x0800198f   Thumb Code    40  main.o(i.main)
    CircularBuffer<unsigned char, (unsigned)255>::writeHead(unsigned char) volatile 0x080019b7   Thumb Code   108  uart_handle.o(t._ZNV14CircularBufferIhLj255EE9writeHeadEh)
    _fp_init                                 0x08001a23   Thumb Code    10  fpinit.o(x$fpl$fpinit)
    __fplib_config_fpu_vfp                   0x08001a2b   Thumb Code     0  fpinit.o(x$fpl$fpinit)
    __fplib_config_pureend_doubles           0x08001a2b   Thumb Code     0  fpinit.o(x$fpl$fpinit)
    vtable for ISerialPort                   0x08001a6c   Data          80  uart_handle.o(.constdata__ZTV11ISerialPort)
    vtable for uart::Handle                  0x08001abc   Data          80  uart_handle.o(.constdata__ZTVN4uart6HandleE)
    Region$$Table$$Base                      0x08001b0c   Number         0  anon$$obj.o(Region$$Table)
    Region$$Table$$Limit                     0x08001b2c   Number         0  anon$$obj.o(Region$$Table)
    SHT$$INIT_ARRAY$$Base                    0x08001b2c   Number         0  uart_handle.o(.init_array)
    SHT$$INIT_ARRAY$$Limit                   0x08001b30   Number         0  init_aeabi.o(.init_array)
    uart::Handle::handlesCounter             0x20000000   Data           1  uart_handle.o(.data)
    time_service::systemTime                 0x20000004   Data           4  time_service.o(.data)
    uart::uart2                              0x20000130   Data         580  uart_handle.o(.bss)
    __libspace_start                         0x20000374   Data          96  libspace.o(.bss)
    __temporary_stack_top$libspace           0x200003d4   Data           0  libspace.o(.bss)



==============================================================================

Memory Map of the image

  Image Entry point : 0x0800026d

  Load Region LR_1 (Base: 0x08000000, Size: 0x00001c60, Max: 0xffffffff, ABSOLUTE, COMPRESSED[0x00001b88])

    Execution Region ER_RO (Exec base: 0x08000000, Load base: 0x08000000, Size: 0x00001b30, Max: 0xffffffff, ABSOLUTE)

    Exec Addr    Load Addr    Size         Type   Attr      Idx    E Section Name        Object

    0x08000000   0x08000000   0x00000188   Data   RO         3076    RESET               startup_stm32f407xx.o
    0x08000188   0x08000188   0x00000008   Code   RO         3341  * !!!main             c_w.l(__main.o)
    0x08000190   0x08000190   0x00000034   Code   RO         3763    !!!scatter          c_w.l(__scatter.o)
    0x080001c4   0x080001c4   0x0000005a   Code   RO         3761    !!dczerorl2         c_w.l(__dczerorl2.o)
    0x0800021e   0x0800021e   0x00000002   PAD
    0x08000220   0x08000220   0x0000001c   Code   RO         3765    !!handler_zi        c_w.l(__scatter_zi.o)
    0x0800023c   0x0800023c   0x00000002   Code   RO         3697    .ARM.Collect$$libinit$$00000000  c_w.l(libinit.o)
    0x0800023e   0x0800023e   0x00000004   Code   RO         3524    .ARM.Collect$$libinit$$00000001  c_w.l(libinit2.o)
    0x08000242   0x08000242   0x00000000   Code   RO         3527    .ARM.Collect$$libinit$$00000004  c_w.l(libinit2.o)
    0x08000242   0x08000242   0x00000000   Code   RO         3530    .ARM.Collect$$libinit$$0000000A  c_w.l(libinit2.o)
    0x08000242   0x08000242   0x00000000   Code   RO         3532    .ARM.Collect$$libinit$$0000000C  c_w.l(libinit2.o)
    0x08000242   0x08000242   0x00000000   Code   RO         3534    .ARM.Collect$$libinit$$0000000E  c_w.l(libinit2.o)
    0x08000242   0x08000242   0x00000000   Code   RO         3537    .ARM.Collect$$libinit$$00000011  c_w.l(libinit2.o)
    0x08000242   0x08000242   0x00000000   Code   RO         3539    .ARM.Collect$$libinit$$00000013  c_w.l(libinit2.o)
    0x08000242   0x08000242   0x00000000   Code   RO         3541    .ARM.Collect$$libinit$$00000015  c_w.l(libinit2.o)
    0x08000242   0x08000242   0x00000000   Code   RO         3543    .ARM.Collect$$libinit$$00000017  c_w.l(libinit2.o)
    0x08000242   0x08000242   0x00000000   Code   RO         3545    .ARM.Collect$$libinit$$00000019  c_w.l(libinit2.o)
    0x08000242   0x08000242   0x00000000   Code   RO         3547    .ARM.Collect$$libinit$$0000001B  c_w.l(libinit2.o)
    0x08000242   0x08000242   0x00000000   Code   RO         3549    .ARM.Collect$$libinit$$0000001D  c_w.l(libinit2.o)
    0x08000242   0x08000242   0x00000000   Code   RO         3551    .ARM.Collect$$libinit$$0000001F  c_w.l(libinit2.o)
    0x08000242   0x08000242   0x00000000   Code   RO         3553    .ARM.Collect$$libinit$$00000021  c_w.l(libinit2.o)
    0x08000242   0x08000242   0x00000000   Code   RO         3555    .ARM.Collect$$libinit$$00000023  c_w.l(libinit2.o)
    0x08000242   0x08000242   0x00000000   Code   RO         3557    .ARM.Collect$$libinit$$00000025  c_w.l(libinit2.o)
    0x08000242   0x08000242   0x00000000   Code   RO         3561    .ARM.Collect$$libinit$$0000002C  c_w.l(libinit2.o)
    0x08000242   0x08000242   0x00000000   Code   RO         3563    .ARM.Collect$$libinit$$0000002E  c_w.l(libinit2.o)
    0x08000242   0x08000242   0x00000000   Code   RO         3565    .ARM.Collect$$libinit$$00000030  c_w.l(libinit2.o)
    0x08000242   0x08000242   0x00000004   Code   RO         3566    .ARM.Collect$$libinit$$00000031  c_w.l(libinit2.o)
    0x08000246   0x08000246   0x00000000   Code   RO         3567    .ARM.Collect$$libinit$$00000032  c_w.l(libinit2.o)
    0x08000246   0x08000246   0x00000002   Code   RO         3568    .ARM.Collect$$libinit$$00000033  c_w.l(libinit2.o)
    0x08000248   0x08000248   0x00000002   Code   RO         3758    .ARM.Collect$$libshutdown$$00000000  c_w.l(libshutdown.o)
    0x0800024a   0x0800024a   0x00000000   Code   RO         3741    .ARM.Collect$$libshutdown$$00000002  c_w.l(libshutdown2.o)
    0x0800024a   0x0800024a   0x00000000   Code   RO         3743    .ARM.Collect$$libshutdown$$00000004  c_w.l(libshutdown2.o)
    0x0800024a   0x0800024a   0x00000000   Code   RO         3746    .ARM.Collect$$libshutdown$$00000007  c_w.l(libshutdown2.o)
    0x0800024a   0x0800024a   0x00000000   Code   RO         3749    .ARM.Collect$$libshutdown$$0000000A  c_w.l(libshutdown2.o)
    0x0800024a   0x0800024a   0x00000000   Code   RO         3751    .ARM.Collect$$libshutdown$$0000000C  c_w.l(libshutdown2.o)
    0x0800024a   0x0800024a   0x00000000   Code   RO         3754    .ARM.Collect$$libshutdown$$0000000F  c_w.l(libshutdown2.o)
    0x0800024a   0x0800024a   0x00000002   Code   RO         3755    .ARM.Collect$$libshutdown$$00000010  c_w.l(libshutdown2.o)
    0x0800024c   0x0800024c   0x00000000   Code   RO         3461    .ARM.Collect$$rtentry$$00000000  c_w.l(__rtentry.o)
    0x0800024c   0x0800024c   0x00000000   Code   RO         3585    .ARM.Collect$$rtentry$$00000002  c_w.l(__rtentry2.o)
    0x0800024c   0x0800024c   0x00000006   Code   RO         3597    .ARM.Collect$$rtentry$$00000004  c_w.l(__rtentry4.o)
    0x08000252   0x08000252   0x00000000   Code   RO         3587    .ARM.Collect$$rtentry$$00000009  c_w.l(__rtentry2.o)
    0x08000252   0x08000252   0x00000004   Code   RO         3588    .ARM.Collect$$rtentry$$0000000A  c_w.l(__rtentry2.o)
    0x08000256   0x08000256   0x00000000   Code   RO         3590    .ARM.Collect$$rtentry$$0000000C  c_w.l(__rtentry2.o)
    0x08000256   0x08000256   0x00000008   Code   RO         3591    .ARM.Collect$$rtentry$$0000000D  c_w.l(__rtentry2.o)
    0x0800025e   0x0800025e   0x00000002   Code   RO         3701    .ARM.Collect$$rtexit$$00000000  c_w.l(rtexit.o)
    0x08000260   0x08000260   0x00000000   Code   RO         3716    .ARM.Collect$$rtexit$$00000002  c_w.l(rtexit2.o)
    0x08000260   0x08000260   0x00000004   Code   RO         3717    .ARM.Collect$$rtexit$$00000003  c_w.l(rtexit2.o)
    0x08000264   0x08000264   0x00000006   Code   RO         3718    .ARM.Collect$$rtexit$$00000004  c_w.l(rtexit2.o)
    0x0800026a   0x0800026a   0x00000002   PAD
    0x0800026c   0x0800026c   0x0000003c   Code   RO         3077  * .text               startup_stm32f407xx.o
    0x080002a8   0x080002a8   0x00000002   Code   RO         3335    .text               c_w.l(use_no_semi.o)
    0x080002aa   0x080002aa   0x00000044   Code   RO         3337    .text               c_w.l(rt_memclr.o)
    0x080002ee   0x080002ee   0x00000006   Code   RO         3339    .text               c_w.l(heapauxi.o)
    0x080002f4   0x080002f4   0x00000024   Code   RO         3346    .text               c_w.l(init_aeabi.o)
    0x08000318   0x08000318   0x0000004e   Code   RO         3522    .text               c_w.l(rt_memclr_w.o)
    0x08000366   0x08000366   0x00000002   PAD
    0x08000368   0x08000368   0x00000008   Code   RO         3651    .text               c_w.l(libspace.o)
    0x08000370   0x08000370   0x0000004a   Code   RO         3654    .text               c_w.l(sys_stackheap_outer.o)
    0x080003ba   0x080003ba   0x00000012   Code   RO         3671    .text               c_w.l(exit.o)
    0x080003cc   0x080003cc   0x000001ac   Code   RO         1014    i.GPIO_Init         stm32f4xx_gpio.o
    0x08000578   0x08000578   0x000000b4   Code   RO         1021    i.GPIO_ResetBits    stm32f4xx_gpio.o
    0x0800062c   0x0800062c   0x000000b4   Code   RO         1022    i.GPIO_SetBits      stm32f4xx_gpio.o
    0x080006e0   0x080006e0   0x00000012   Code   RO         1023    i.GPIO_StructInit   stm32f4xx_gpio.o
    0x080006f2   0x080006f2   0x00000002   PAD
    0x080006f4   0x080006f4   0x0000006c   Code   RO         1349    i.RCC_AHB1PeriphClockCmd  stm32f4xx_rcc.o
    0x08000760   0x08000760   0x00000068   Code   RO         1358    i.RCC_APB1PeriphClockCmd  stm32f4xx_rcc.o
    0x080007c8   0x080007c8   0x00000010   Code   RO         3084    i.SysTick_Handler   time_service.o
    0x080007d8   0x080007d8   0x00000064   Code   RO         2960    i.SystemInit        system_stm32f4xx.o
    0x0800083c   0x0800083c   0x000000e0   Code   RO         1877    i.TIM_Cmd           stm32f4xx_tim.o
    0x0800091c   0x0800091c   0x00000074   Code   RO         1879    i.TIM_CtrlPWMOutputs  stm32f4xx_tim.o
    0x08000990   0x08000990   0x000001d8   Code   RO         1906    i.TIM_OC1Init       stm32f4xx_tim.o
    0x08000b68   0x08000b68   0x000001d8   Code   RO         1911    i.TIM_OC2Init       stm32f4xx_tim.o
    0x08000d40   0x08000d40   0x000001c0   Code   RO         1916    i.TIM_OC3Init       stm32f4xx_tim.o
    0x08000f00   0x08000f00   0x00000154   Code   RO         1921    i.TIM_OC4Init       stm32f4xx_tim.o
    0x08001054   0x08001054   0x00000014   Code   RO         1924    i.TIM_OCStructInit  stm32f4xx_tim.o
    0x08001068   0x08001068   0x00000168   Code   RO         1949    i.TIM_TimeBaseInit  stm32f4xx_tim.o
    0x080011d0   0x080011d0   0x00000012   Code   RO         1950    i.TIM_TimeBaseStructInit  stm32f4xx_tim.o
    0x080011e2   0x080011e2   0x00000002   PAD
    0x080011e4   0x080011e4   0x00000010   Code   RO         2625    i.USART2_IRQHandler  uart_handle.o
    0x080011f4   0x080011f4   0x00000104   Code   RO         2431    i.USART_ClearITPendingBit  stm32f4xx_usart.o
    0x080012f8   0x080012f8   0x00000006   Code   RO         2626    i._Z13__get_PRIMASKv  uart_handle.o
    0x080012fe   0x080012fe   0x00000002   PAD
    0x08001300   0x08001300   0x0000008c   Code   RO         2815    i._Z9gpioToRccP12GPIO_TypeDef  uart_handle.o
    0x0800138c   0x0800138c   0x0000001e   Code   RO         3300    i._ZN4pins6setPinEP12GPIO_TypeDefjb  motors.o
    0x080013aa   0x080013aa   0x00000032   Code   RO         3318    i._ZN4pins6setPwmEP11TIM_TypeDefhj  motors.o
    0x080013dc   0x080013dc   0x00000028   Code   RO         3306    i._ZN4pins7initOutEP12GPIO_TypeDefj  motors.o
    0x08001404   0x08001404   0x000000c4   Code   RO         3312    i._ZN4pins7initPwmEP12GPIO_TypeDefjP11TIM_TypeDefh  motors.o
    0x080014c8   0x080014c8   0x00000106   Code   RO         2627    i._ZN4uart6Handle10irqHandlerEv  uart_handle.o
    0x080015ce   0x080015ce   0x00000012   Code   RO         2638    i._ZN4uart6Handle18disableTransmit485Ev  uart_handle.o
    0x080015e0   0x080015e0   0x00000090   Code   RO         2651    i._ZN4uart6HandleC1Ev  uart_handle.o
    0x08001670   0x08001670   0x00000004   Code   RO         2822    i._ZN4uart6HandleD1Ev  uart_handle.o
    0x08001674   0x08001674   0x00000214   Code   RO         3250    i._ZN6Motors8initPinsEv  motors.o
    0x08001888   0x08001888   0x00000094   Code   RO         3252    i._ZN6Motors8setPowerEhi  motors.o
    0x0800191c   0x0800191c   0x0000003c   Code   RO         3253    i._ZN6Motors8setPowerEiiii  motors.o
    0x08001958   0x08001958   0x00000002   Code   RO         3254    i._ZN6MotorsC1Ev    motors.o
    0x0800195a   0x0800195a   0x00000002   Code   RO         3255    i._ZN6MotorsD1Ev    motors.o
    0x0800195c   0x0800195c   0x00000004   Code   RO         3146    i.__aeabi_atexit    retarget.o
    0x08001960   0x08001960   0x00000020   Code   RO         2652    i.__sti___15_uart_handle_cpp_934b4167  uart_handle.o
    0x08001980   0x08001980   0x00000004   Code   RO         3148    i._sys_exit         retarget.o
    0x08001984   0x08001984   0x0000000a   Code   RO         3150    i.assert_failed     retarget.o
    0x0800198e   0x0800198e   0x00000028   Code   RO            4    i.main              main.o
    0x080019b6   0x080019b6   0x0000006c   Code   RO         2825    t._ZNV14CircularBufferIhLj255EE9writeHeadEh  uart_handle.o
    0x08001a22   0x08001a22   0x0000000a   Code   RO         3649    x$fpl$fpinit        fz_wm.l(fpinit.o)
    0x08001a2c   0x08001a2c   0x0000003d   Data   RO         3163    .constdata          retarget.o
    0x08001a69   0x08001a69   0x00000003   PAD
    0x08001a6c   0x08001a6c   0x00000050   Data   RO         2855    .constdata__ZTV11ISerialPort  uart_handle.o
    0x08001abc   0x08001abc   0x00000050   Data   RO         2814    .constdata__ZTVN4uart6HandleE  uart_handle.o
    0x08001b0c   0x08001b0c   0x00000020   Data   RO         3759    Region$$Table       anon$$obj.o
    0x08001b2c   0x08001b2c   0x00000004   Data   RO         2683    .init_array         uart_handle.o
    0x08001b30   0x08001b2c   0x00000000   Data   RO         3344    .init_array         c_w.l(init_aeabi.o)


    Execution Region ER_RW (Exec base: 0x20000000, Load base: 0x08001b30, Size: 0x00000130, Max: 0xffffffff, ABSOLUTE, COMPRESSED[0x00000058])

    Exec Addr    Load Addr    Size         Type   Attr      Idx    E Section Name        Object

    0x20000000   COMPRESSED   0x00000001   Data   RW         2682    .data               uart_handle.o
    0x20000001   COMPRESSED   0x00000003   PAD
    0x20000004   COMPRESSED   0x00000004   Data   RW         3094    .data               time_service.o
    0x20000008   COMPRESSED   0x00000128   Data   RW         3262    .data               motors.o


    Execution Region ER_ZI (Exec base: 0x20000130, Load base: 0x08001b88, Size: 0x000006a8, Max: 0xffffffff, ABSOLUTE)

    Exec Addr    Load Addr    Size         Type   Attr      Idx    E Section Name        Object

    0x20000130        -       0x00000244   Zero   RW         2681    .bss                uart_handle.o
    0x20000374        -       0x00000060   Zero   RW         3652    .bss                c_w.l(libspace.o)
    0x200003d4   0x08001b88   0x00000004   PAD
    0x200003d8        -       0x00000000   Zero   RW         3075    HEAP                startup_stm32f407xx.o
    0x200003d8        -       0x00000400   Zero   RW         3074    STACK               startup_stm32f407xx.o


==============================================================================

Image component sizes


      Code (inc. data)   RO Data    RW Data    ZI Data      Debug   Object Name

        40          0          0          0          0     275099   main.o
         0          0          0          0          0     241292   misc.o
      1060        104          0        296          0       7444   motors.o
        18          0         61          0          0       4413   retarget.o
        60         22        392          0       1024        892   startup_stm32f407xx.o
       806        228          0          0          0      10262   stm32f4xx_gpio.o
       212         72          0          0          0       1338   stm32f4xx_rcc.o
      2470        426          0          0          0      27234   stm32f4xx_tim.o
       260         72          0          0          0       7510   stm32f4xx_usart.o
       100         18          0          0          0        549   system_stm32f4xx.o
        16          4          0          4          0       1778   time_service.o
       730         68        164          1        580      19871   uart_handle.o

    ----------------------------------------------------------------------
      5778       1014        652        304       1604     597682   Object Totals
         0          0         32          0          0          0   (incl. Generated)
         6          0          3          3          0          0   (incl. Padding)

    ----------------------------------------------------------------------

      Code (inc. data)   RO Data    RW Data    ZI Data      Debug   Library Member Name

        90          0          0          0          0          0   __dczerorl2.o
         8          0          0          0          0         68   __main.o
         0          0          0          0          0          0   __rtentry.o
        12          0          0          0          0          0   __rtentry2.o
         6          0          0          0          0          0   __rtentry4.o
        52          8          0          0          0          0   __scatter.o
        28          0          0          0          0          0   __scatter_zi.o
        18          0          0          0          0         80   exit.o
         6          0          0          0          0        152   heapauxi.o
        36         10          0          0          0         80   init_aeabi.o
         2          0          0          0          0          0   libinit.o
        10          0          0          0          0          0   libinit2.o
         2          0          0          0          0          0   libshutdown.o
         2          0          0          0          0          0   libshutdown2.o
         8          4          0          0         96         68   libspace.o
        68          0          0          0          0         68   rt_memclr.o
        78          0          0          0          0         80   rt_memclr_w.o
         2          0          0          0          0          0   rtexit.o
        10          0          0          0          0          0   rtexit2.o
        74          0          0          0          0         80   sys_stackheap_outer.o
         2          0          0          0          0         68   use_no_semi.o
        10          0          0          0          0        116   fpinit.o

    ----------------------------------------------------------------------
       530         22          0          0        100        860   Library Totals
         6          0          0          0          4          0   (incl. Padding)

    ----------------------------------------------------------------------

      Code (inc. data)   RO Data    RW Data    ZI Data      Debug   Library Name

       514         22          0          0         96        744   c_w.l
        10          0          0          0          0        116   fz_wm.l

    ----------------------------------------------------------------------
       530         22          0          0        100        860   Library Totals

    ----------------------------------------------------------------------

==============================================================================


      Code (inc. data)   RO Data    RW Data    ZI Data      Debug   

      6308       1036        652        304       1704     594682   Grand Totals
      6308       1036        652         88       1704     594682   ELF Image Totals (compressed)
      6308       1036        652         88          0          0   ROM Totals

==============================================================================

    Total RO  Size (Code + RO Data)                 6960 (   6.80kB)
    Total RW  Size (RW Data + ZI Data)              2008 (   1.96kB)
    Total ROM Size (Code + RO Data + RW Data)       7048 (   6.88kB)

==============================================================================

